Archive member included to satisfy reference by file (symbol)

/Users/iainkim/Library/Application Support/Code/User/globalStorage/vexrobotics.vexcode/sdk/cpp/V5/V5_20240802_15_00_00/vexv5/libv5rt.a(v5_startup.c.obj)
                              (vexStartup)
/Users/iainkim/Library/Application Support/Code/User/globalStorage/vexrobotics.vexcode/sdk/cpp/V5/V5_20240802_15_00_00/vexv5/libv5rt.a(v5_util.c.obj)
                              /Users/iainkim/Library/Application Support/Code/User/globalStorage/vexrobotics.vexcode/sdk/cpp/V5/V5_20240802_15_00_00/vexv5/libv5rt.a(v5_startup.c.obj) (vexStdlibVersionLinked)
/Users/iainkim/Library/Application Support/Code/User/globalStorage/vexrobotics.vexcode/sdk/cpp/V5/V5_20240802_15_00_00/vexv5/libv5rt.a(v5_apijump.c.obj)
                              /Users/iainkim/Library/Application Support/Code/User/globalStorage/vexrobotics.vexcode/sdk/cpp/V5/V5_20240802_15_00_00/vexv5/libv5rt.a(v5_startup.c.obj) (vexPrivateApiEnable)
/Users/iainkim/Library/Application Support/Code/User/globalStorage/vexrobotics.vexcode/sdk/cpp/V5/V5_20240802_15_00_00/vexv5/libv5rt.a(v5_apiversions.c.obj)
                              /Users/iainkim/Library/Application Support/Code/User/globalStorage/vexrobotics.vexcode/sdk/cpp/V5/V5_20240802_15_00_00/vexv5/libv5rt.a(v5_apijump.c.obj) (vexSystemVersion)
/Users/iainkim/Library/Application Support/Code/User/globalStorage/vexrobotics.vexcode/sdk/cpp/V5/V5_20240802_15_00_00/vexv5/libv5rt.a(vex_global.cpp.obj)
                              build/src/autons.o (vex::wait(double, vex::timeUnits))
/Users/iainkim/Library/Application Support/Code/User/globalStorage/vexrobotics.vexcode/sdk/cpp/V5/V5_20240802_15_00_00/vexv5/libv5rt.a(vex_motor.cpp.obj)
                              build/src/main.o (vex::motor::~motor())
/Users/iainkim/Library/Application Support/Code/User/globalStorage/vexrobotics.vexcode/sdk/cpp/V5/V5_20240802_15_00_00/vexv5/libv5rt.a(vex_imu.cpp.obj)
                              build/src/JAR-Template/drive.o (vex::inertial::setRotation(double, vex::rotationUnits))
/Users/iainkim/Library/Application Support/Code/User/globalStorage/vexrobotics.vexcode/sdk/cpp/V5/V5_20240802_15_00_00/vexv5/libv5rt.a(vex_rotation.cpp.obj)
                              build/src/main.o (vex::rotation::~rotation())
/Users/iainkim/Library/Application Support/Code/User/globalStorage/vexrobotics.vexcode/sdk/cpp/V5/V5_20240802_15_00_00/vexv5/libv5rt.a(vex_optical.cpp.obj)
                              build/src/robot-config.o (vex::optical::~optical())
/Users/iainkim/Library/Application Support/Code/User/globalStorage/vexrobotics.vexcode/sdk/cpp/V5/V5_20240802_15_00_00/vexv5/libv5rt.a(vex_controller.cpp.obj)
                              build/src/robot-config.o (vex::controller::~controller())
/Users/iainkim/Library/Application Support/Code/User/globalStorage/vexrobotics.vexcode/sdk/cpp/V5/V5_20240802_15_00_00/vexv5/libv5rt.a(vex_task.cpp.obj)
                              build/src/JAR-Template/drive.o (vex::task::task())
/Users/iainkim/Library/Application Support/Code/User/globalStorage/vexrobotics.vexcode/sdk/cpp/V5/V5_20240802_15_00_00/vexv5/libv5rt.a(vex_thread.cpp.obj)
                              /Users/iainkim/Library/Application Support/Code/User/globalStorage/vexrobotics.vexcode/sdk/cpp/V5/V5_20240802_15_00_00/vexv5/libv5rt.a(vex_global.cpp.obj) (vex::this_thread::sleep_for(unsigned long))
/Users/iainkim/Library/Application Support/Code/User/globalStorage/vexrobotics.vexcode/sdk/cpp/V5/V5_20240802_15_00_00/vexv5/libv5rt.a(vex_event.cpp.obj)
                              /Users/iainkim/Library/Application Support/Code/User/globalStorage/vexrobotics.vexcode/sdk/cpp/V5/V5_20240802_15_00_00/vexv5/libv5rt.a(vex_imu.cpp.obj) (vex::event::init(unsigned long, unsigned long, void (*)()))
/Users/iainkim/Library/Application Support/Code/User/globalStorage/vexrobotics.vexcode/sdk/cpp/V5/V5_20240802_15_00_00/vexv5/libv5rt.a(vex_mevent.cpp.obj)
                              /Users/iainkim/Library/Application Support/Code/User/globalStorage/vexrobotics.vexcode/sdk/cpp/V5/V5_20240802_15_00_00/vexv5/libv5rt.a(vex_controller.cpp.obj) (vex::mevent::mevent(unsigned long, unsigned long))
/Users/iainkim/Library/Application Support/Code/User/globalStorage/vexrobotics.vexcode/sdk/cpp/V5/V5_20240802_15_00_00/vexv5/libv5rt.a(vex_brain.cpp.obj)
                              build/src/robot-config.o (vex::brain::brain())
/Users/iainkim/Library/Application Support/Code/User/globalStorage/vexrobotics.vexcode/sdk/cpp/V5/V5_20240802_15_00_00/vexv5/libv5rt.a(vex_competition.cpp.obj)
                              build/src/main.o (vex::competition::competition())
/Users/iainkim/Library/Application Support/Code/User/globalStorage/vexrobotics.vexcode/sdk/cpp/V5/V5_20240802_15_00_00/vexv5/libv5rt.a(vex_triport.cpp.obj)
                              build/src/main.o (vex::triport::~triport())
[...]
Memory Configuration

Name             Origin             Length             Attributes
ps7_ddr_0_S_AXI_BASEADDR 0x0000000003800000 0x0000000004800000
*default*        0x0000000000000000 0xffffffffffffffff

Linker script and memory map

                0x0000000000002000                _STACK_SIZE = DEFINED (_STACK_SIZE)?_STACK_SIZE:0x2000
                0x0000000000100000                _HEAP_SIZE = DEFINED (_HEAP_SIZE)?_HEAP_SIZE:0x100000
                0x0000000000000400                _ABORT_STACK_SIZE = DEFINED (_ABORT_STACK_SIZE)?_ABORT_STACK_SIZE:0x400
                0x0000000000000800                _SUPERVISOR_STACK_SIZE = DEFINED (_SUPERVISOR_STACK_SIZE)?_SUPERVISOR_STACK_SIZE:0x800
                0x0000000000000400                _IRQ_STACK_SIZE = DEFINED (_IRQ_STACK_SIZE)?_IRQ_STACK_SIZE:0x400
                0x0000000000000400                _FIQ_STACK_SIZE = DEFINED (_FIQ_STACK_SIZE)?_FIQ_STACK_SIZE:0x400
                0x0000000000000400                _UNDEF_STACK_SIZE = DEFINED (_UNDEF_STACK_SIZE)?_UNDEF_STACK_SIZE:0x400

.text           0x0000000003800000     0x74e0
 *(.vectors)
 *(.boot_data)
 .boot_data     0x0000000003800000       0x20 /Users/iainkim/Library/Application Support/Code/User/globalStorage/vexrobotics.vexcode/sdk/cpp/V5/V5_20240802_15_00_00/vexv5/libv5rt.a(v5_startup.c.obj)
                0x0000000003800000                vexCodeSig
                0x0000000000000020                . = 0x20
 *(.boot)
 .boot          0x0000000003800020       0xbc /Users/iainkim/Library/Application Support/Code/User/globalStorage/vexrobotics.vexcode/sdk/cpp/V5/V5_20240802_15_00_00/vexv5/libv5rt.a(v5_startup.c.obj)
                0x0000000003800020                vexStartup
                0x0000000003800100                . = ALIGN (0x40)
 *fill*         0x00000000038000dc       0x24 
 *(.freertos_vectors)
 *(.text)
 *(.text.*)
 .text._Z9midPistonv
                0x0000000003800100       0x54 build/src/autons.o
                0x0000000003800100                midPiston()
 .text._Z13doinkerPistonv
                0x0000000003800154       0x54 build/src/autons.o
                0x0000000003800154                doinkerPiston()
 .text._Z9armPistonv
                0x00000000038001a8       0x54 build/src/autons.o
                0x00000000038001a8                armPiston()
 .text._Z9ptoPistonv
                0x00000000038001fc       0x54 build/src/autons.o
                0x00000000038001fc                ptoPiston()
 .text._Z17default_constantsv
                0x0000000003800250      0x108 build/src/autons.o
                0x0000000003800250                default_constants()
 .text._Z4FEINv
                0x0000000003800358      0x158 build/src/autons.o
                0x0000000003800358                FEIN()
 .text._Z8solo_awpv
                0x00000000038004b0      0x4d8 build/src/autons.o
                0x00000000038004b0                solo_awp()
 .text._Z8half_awpv
                0x0000000003800988      0x138 build/src/autons.o
                0x0000000003800988                half_awp()
 .text._Z13right_controlv
                0x0000000003800ac0      0x438 build/src/autons.o
                0x0000000003800ac0                right_control()
 .text._Z12left_controlv
                0x0000000003800ef8      0x450 build/src/autons.o
                0x0000000003800ef8                left_control()
 .text._Z11right_elimsv
                0x0000000003801348      0x4e8 build/src/autons.o
                0x0000000003801348                right_elims()
 .text._Z10left_elimsv
                0x0000000003801830      0x4e8 build/src/autons.o
                0x0000000003801830                left_elims()
 .text._Z8feiniousv
                0x0000000003801d18      0x960 build/src/autons.o
                0x0000000003801d18                feinious()
 .text._GLOBAL__sub_I_autons.cpp
                0x0000000003802678       0x34 build/src/autons.o
 .text._ZN3vex11motor_groupC2IJNS_5motorES2_EEERS2_DpRT_
                0x00000000038026ac       0x44 build/src/main.o
                0x00000000038026ac                vex::motor_group::motor_group<vex::motor, vex::motor>(vex::motor&, vex::motor&, vex::motor&)
 .text._ZN5DriveD2Ev
                0x00000000038026f0       0x80 build/src/main.o
                0x00000000038026f0                Drive::~Drive()
 .text._Z10driveVoltsffi
                0x0000000003802770      0x124 build/src/main.o
                0x0000000003802770                driveVolts(float, float, int)
 .text._Z12displayAutonv
                0x0000000003802894       0x50 build/src/main.o
                0x0000000003802894                displayAuton()
 *fill*         0x00000000038028e4        0x4 
 .text._Z9pre_autonv
                0x00000000038028e8      0x2c8 build/src/main.o
                0x00000000038028e8                pre_auton()
 .text._Z10autonomousv
                0x0000000003802bb0       0x5c build/src/main.o
                0x0000000003802bb0                autonomous()
 *fill*         0x0000000003802c0c        0x4 
 .text._Z11usercontrolv
                0x0000000003802c10      0x4cc build/src/main.o
                0x0000000003802c10                usercontrol()
 .text.main     0x00000000038030dc       0x3c build/src/main.o
                0x00000000038030dc                main
 .text._GLOBAL__sub_I_main.cpp
                0x0000000003803118      0x194 build/src/main.o
 .text._Z11vexcodeInitv
                0x00000000038032ac        0x4 build/src/robot-config.o
                0x00000000038032ac                vexcodeInit()
 .text._GLOBAL__sub_I_robot_config.cpp
                0x00000000038032b0      0x370 build/src/robot-config.o
 .text._ZN3PIDC2Efffff
                0x0000000003803620       0x2c build/src/JAR-Template/PID.o
                0x0000000003803620                PID::PID(float, float, float, float, float)
                0x0000000003803620                PID::PID(float, float, float, float, float)
 .text._ZN3PIDC2Effffffff
                0x000000000380364c       0x44 build/src/JAR-Template/PID.o
                0x000000000380364c                PID::PID(float, float, float, float, float, float, float, float)
                0x000000000380364c                PID::PID(float, float, float, float, float, float, float, float)
 .text._ZN3PID7computeEf
                0x0000000003803690       0xd0 build/src/JAR-Template/PID.o
                0x0000000003803690                PID::compute(float)
 .text._ZN3PID10is_settledEv
                0x0000000003803760       0x44 build/src/JAR-Template/PID.o
                0x0000000003803760                PID::is_settled()
 .text._GLOBAL__sub_I_PID.cpp
                0x00000000038037a4       0x34 build/src/JAR-Template/PID.o
 .text._ZN5DriveC2E11drive_setupN3vex11motor_groupES2_ifffiiiiiffiff
                0x00000000038037d8      0x288 build/src/JAR-Template/drive.o
                0x00000000038037d8                Drive::Drive(drive_setup, vex::motor_group, vex::motor_group, int, float, float, float, int, int, int, int, int, float, float, int, float, float)
                0x00000000038037d8                Drive::Drive(drive_setup, vex::motor_group, vex::motor_group, int, float, float, float, int, int, int, int, int, float, float, int, float, float)
 .text._ZN5Drive18drive_with_voltageEff
                0x0000000003803a60       0x6c build/src/JAR-Template/drive.o
                0x0000000003803a60                Drive::drive_with_voltage(float, float)
 .text._ZN5Drive18set_turn_constantsEfffff
                0x0000000003803acc       0x1c build/src/JAR-Template/drive.o
                0x0000000003803acc                Drive::set_turn_constants(float, float, float, float, float)
 .text._ZN5Drive19set_drive_constantsEfffff
                0x0000000003803ae8       0x1c build/src/JAR-Template/drive.o
                0x0000000003803ae8                Drive::set_drive_constants(float, float, float, float, float)
 .text._ZN5Drive21set_heading_constantsEfffff
                0x0000000003803b04       0x1c build/src/JAR-Template/drive.o
                0x0000000003803b04                Drive::set_heading_constants(float, float, float, float, float)
 .text._ZN5Drive19set_swing_constantsEfffff
                0x0000000003803b20       0x1c build/src/JAR-Template/drive.o
                0x0000000003803b20                Drive::set_swing_constants(float, float, float, float, float)
 .text._ZN5Drive24set_turn_exit_conditionsEfff
                0x0000000003803b3c        0xc build/src/JAR-Template/drive.o
                0x0000000003803b3c                Drive::set_turn_exit_conditions(float, float, float)
 .text._ZN5Drive25set_drive_exit_conditionsEfff
                0x0000000003803b48        0xc build/src/JAR-Template/drive.o
                0x0000000003803b48                Drive::set_drive_exit_conditions(float, float, float)
 .text._ZN5Drive25set_swing_exit_conditionsEfff
                0x0000000003803b54        0xc build/src/JAR-Template/drive.o
                0x0000000003803b54                Drive::set_swing_exit_conditions(float, float, float)
 .text._ZN5Drive13turn_to_angleEf
                0x0000000003803b60       0x50 build/src/JAR-Template/drive.o
                0x0000000003803b60                Drive::turn_to_angle(float)
 .text._ZN5Drive13turn_to_angleEfffffffff
                0x0000000003803bb0      0x178 build/src/JAR-Template/drive.o
                0x0000000003803bb0                Drive::turn_to_angle(float, float, float, float, float, float, float, float, float)
 .text._ZN5Drive14drive_distanceEf
                0x0000000003803d28       0x80 build/src/JAR-Template/drive.o
                0x0000000003803d28                Drive::drive_distance(float)
 .text._ZN5Drive14drive_distanceEfffffffffffffff
                0x0000000003803da8      0x3fc build/src/JAR-Template/drive.o
                0x0000000003803da8                Drive::drive_distance(float, float, float, float, float, float, float, float, float, float, float, float, float, float, float)
 .text._ZN5Drive19left_swing_to_angleEf
                0x00000000038041a4       0x4c build/src/JAR-Template/drive.o
                0x00000000038041a4                Drive::left_swing_to_angle(float)
 .text._ZN5Drive19left_swing_to_angleEfffffffff
                0x00000000038041f0      0x1b8 build/src/JAR-Template/drive.o
                0x00000000038041f0                Drive::left_swing_to_angle(float, float, float, float, float, float, float, float, float)
 .text._ZN5Drive20right_swing_to_angleEf
                0x00000000038043a8       0x4c build/src/JAR-Template/drive.o
                0x00000000038043a8                Drive::right_swing_to_angle(float)
 *fill*         0x00000000038043f4        0x4 
 .text._ZN5Drive20right_swing_to_angleEfffffffff
                0x00000000038043f8      0x1b8 build/src/JAR-Template/drive.o
                0x00000000038043f8                Drive::right_swing_to_angle(float, float, float, float, float, float, float, float, float)
 .text._GLOBAL__sub_I_drive.cpp
                0x00000000038045b0       0x34 build/src/JAR-Template/drive.o
 .text._ZN4Odom22set_physical_distancesEff
                0x00000000038045e4        0x8 build/src/JAR-Template/odom.o
                0x00000000038045e4                Odom::set_physical_distances(float, float)
 .text._GLOBAL__sub_I_odom.cpp
                0x00000000038045ec       0x34 build/src/JAR-Template/odom.o
 .text._Z15reduce_0_to_360f
                0x0000000003804620       0x7c build/src/JAR-Template/util.o
                0x0000000003804620                reduce_0_to_360(float)
 .text._Z26reduce_negative_180_to_180f
                0x000000000380469c       0x90 build/src/JAR-Template/util.o
                0x000000000380469c                reduce_negative_180_to_180(float)
 .text._Z5clampfff
                0x000000000380472c       0x2c build/src/JAR-Template/util.o
                0x000000000380472c                clamp(float, float, float)
 .text._Z11is_reversedd
                0x0000000003804758       0x18 build/src/JAR-Template/util.o
                0x0000000003804758                is_reversed(double)
 .text._Z7to_porti
                0x0000000003804770       0x10 build/src/JAR-Template/util.o
                0x0000000003804770                to_port(int)
 .text._GLOBAL__sub_I_util.cpp
                0x0000000003804780       0x34 build/src/JAR-Template/util.o
 .text.vexMain  0x00000000038047b4       0xb0 /Users/iainkim/Library/Application Support/Code/User/globalStorage/vexrobotics.vexcode/sdk/cpp/V5/V5_20240802_15_00_00/vexv5/libv5rt.a(v5_startup.c.obj)
                0x00000000038047b4                vexMain
 .text.__vex_function_prolog
                0x0000000003804864       0x18 /Users/iainkim/Library/Application Support/Code/User/globalStorage/vexrobotics.vexcode/sdk/cpp/V5/V5_20240802_15_00_00/vexv5/libv5rt.a(v5_startup.c.obj)
                0x0000000003804864                __vex_function_prolog
 .text._init    0x000000000380487c        0x4 /Users/iainkim/Library/Application Support/Code/User/globalStorage/vexrobotics.vexcode/sdk/cpp/V5/V5_20240802_15_00_00/vexv5/libv5rt.a(v5_startup.c.obj)
                0x000000000380487c                _init
 .text._fini    0x0000000003804880        0x4 /Users/iainkim/Library/Application Support/Code/User/globalStorage/vexrobotics.vexcode/sdk/cpp/V5/V5_20240802_15_00_00/vexv5/libv5rt.a(v5_startup.c.obj)
                0x0000000003804880                _fini
 .text.vexStdlibVersionLinked
                0x0000000003804884        0xc /Users/iainkim/Library/Application Support/Code/User/globalStorage/vexrobotics.vexcode/sdk/cpp/V5/V5_20240802_15_00_00/vexv5/libv5rt.a(v5_util.c.obj)
                0x0000000003804884                vexStdlibVersionLinked
 .text.vexStdlibVersionVerify
                0x0000000003804890       0x30 /Users/iainkim/Library/Application Support/Code/User/globalStorage/vexrobotics.vexcode/sdk/cpp/V5/V5_20240802_15_00_00/vexv5/libv5rt.a(v5_util.c.obj)
                0x0000000003804890                vexStdlibVersionVerify
 .text.vexPrivateApiEnable
                0x00000000038048c0       0x10 /Users/iainkim/Library/Application Support/Code/User/globalStorage/vexrobotics.vexcode/sdk/cpp/V5/V5_20240802_15_00_00/vexv5/libv5rt.a(v5_apijump.c.obj)
                0x00000000038048c0                vexPrivateApiEnable
 .text.vexStdlibMismatchError
                0x00000000038048d0       0x3c /Users/iainkim/Library/Application Support/Code/User/globalStorage/vexrobotics.vexcode/sdk/cpp/V5/V5_20240802_15_00_00/vexv5/libv5rt.a(v5_apijump.c.obj)
                0x00000000038048d0                vexStdlibMismatchError
 .text.vexTaskAdd
                0x000000000380490c       0x10 /Users/iainkim/Library/Application Support/Code/User/globalStorage/vexrobotics.vexcode/sdk/cpp/V5/V5_20240802_15_00_00/vexv5/libv5rt.a(v5_apijump.c.obj)
                0x000000000380490c                vexTaskAdd
 .text.vexTasksRun
                0x000000000380491c       0x10 /Users/iainkim/Library/Application Support/Code/User/globalStorage/vexrobotics.vexcode/sdk/cpp/V5/V5_20240802_15_00_00/vexv5/libv5rt.a(v5_apijump.c.obj)
                0x000000000380491c                vexTasksRun
 .text.vexTaskYield
                0x000000000380492c       0x10 /Users/iainkim/Library/Application Support/Code/User/globalStorage/vexrobotics.vexcode/sdk/cpp/V5/V5_20240802_15_00_00/vexv5/libv5rt.a(v5_apijump.c.obj)
                0x000000000380492c                vexTaskYield
 .text.vexTaskCheckTimeslice
                0x000000000380493c       0x10 /Users/iainkim/Library/Application Support/Code/User/globalStorage/vexrobotics.vexcode/sdk/cpp/V5/V5_20240802_15_00_00/vexv5/libv5rt.a(v5_apijump.c.obj)
                0x000000000380493c                vexTaskCheckTimeslice
 .text.vexTaskGetIndex
                0x000000000380494c       0x10 /Users/iainkim/Library/Application Support/Code/User/globalStorage/vexrobotics.vexcode/sdk/cpp/V5/V5_20240802_15_00_00/vexv5/libv5rt.a(v5_apijump.c.obj)
                0x000000000380494c                vexTaskGetIndex
 .text.vexTaskSleep
                0x000000000380495c       0x10 /Users/iainkim/Library/Application Support/Code/User/globalStorage/vexrobotics.vexcode/sdk/cpp/V5/V5_20240802_15_00_00/vexv5/libv5rt.a(v5_apijump.c.obj)
                0x000000000380495c                vexTaskSleep
 .text.vexTasksDump
                0x000000000380496c       0x1c /Users/iainkim/Library/Application Support/Code/User/globalStorage/vexrobotics.vexcode/sdk/cpp/V5/V5_20240802_15_00_00/vexv5/libv5rt.a(v5_apijump.c.obj)
                0x000000000380496c                vexTasksDump
 .text.vexTaskGetTaskIndex
                0x0000000003804988       0x10 /Users/iainkim/Library/Application Support/Code/User/globalStorage/vexrobotics.vexcode/sdk/cpp/V5/V5_20240802_15_00_00/vexv5/libv5rt.a(v5_apijump.c.obj)
                0x0000000003804988                vexTaskGetTaskIndex
 .text.vexTaskStopAll
                0x0000000003804998       0x10 /Users/iainkim/Library/Application Support/Code/User/globalStorage/vexrobotics.vexcode/sdk/cpp/V5/V5_20240802_15_00_00/vexv5/libv5rt.a(v5_apijump.c.obj)
                0x0000000003804998                vexTaskStopAll
 .text.vexTaskRemoveAllUser
                0x00000000038049a8       0x34 /Users/iainkim/Library/Application Support/Code/User/globalStorage/vexrobotics.vexcode/sdk/cpp/V5/V5_20240802_15_00_00/vexv5/libv5rt.a(v5_apijump.c.obj)
                0x00000000038049a8                vexTaskRemoveAllUser
 .text.vexTaskCompletionIdSet
                0x00000000038049dc       0x10 /Users/iainkim/Library/Application Support/Code/User/globalStorage/vexrobotics.vexcode/sdk/cpp/V5/V5_20240802_15_00_00/vexv5/libv5rt.a(v5_apijump.c.obj)
                0x00000000038049dc                vexTaskCompletionIdSet
 .text.vexTaskStopWithId
                0x00000000038049ec       0x10 /Users/iainkim/Library/Application Support/Code/User/globalStorage/vexrobotics.vexcode/sdk/cpp/V5/V5_20240802_15_00_00/vexv5/libv5rt.a(v5_apijump.c.obj)
                0x00000000038049ec                vexTaskStopWithId
 .text.vexTaskGetCallbackAndId
                0x00000000038049fc       0x54 /Users/iainkim/Library/Application Support/Code/User/globalStorage/vexrobotics.vexcode/sdk/cpp/V5/V5_20240802_15_00_00/vexv5/libv5rt.a(v5_apijump.c.obj)
                0x00000000038049fc                vexTaskGetCallbackAndId
 .text.vexCriticalSection
                0x0000000003804a50       0x2c /Users/iainkim/Library/Application Support/Code/User/globalStorage/vexrobotics.vexcode/sdk/cpp/V5/V5_20240802_15_00_00/vexv5/libv5rt.a(v5_apijump.c.obj)
                0x0000000003804a50                vexCriticalSection
 .text.vexEventAdd
                0x0000000003804a7c       0x34 /Users/iainkim/Library/Application Support/Code/User/globalStorage/vexrobotics.vexcode/sdk/cpp/V5/V5_20240802_15_00_00/vexv5/libv5rt.a(v5_apijump.c.obj)
                0x0000000003804a7c                vexEventAdd
 .text.vexEventUserIndexGet
                0x0000000003804ab0       0x1c /Users/iainkim/Library/Application Support/Code/User/globalStorage/vexrobotics.vexcode/sdk/cpp/V5/V5_20240802_15_00_00/vexv5/libv5rt.a(v5_apijump.c.obj)
                0x0000000003804ab0                vexEventUserIndexGet
 .text.vexEventAddWithArg
                0x0000000003804acc       0x3c /Users/iainkim/Library/Application Support/Code/User/globalStorage/vexrobotics.vexcode/sdk/cpp/V5/V5_20240802_15_00_00/vexv5/libv5rt.a(v5_apijump.c.obj)
                0x0000000003804acc                vexEventAddWithArg
 .text.vexEventsCleanup
                0x0000000003804b08       0x2c /Users/iainkim/Library/Application Support/Code/User/globalStorage/vexrobotics.vexcode/sdk/cpp/V5/V5_20240802_15_00_00/vexv5/libv5rt.a(v5_apijump.c.obj)
                0x0000000003804b08                vexEventsCleanup
 .text.vexDebug
                0x0000000003804b34       0x38 /Users/iainkim/Library/Application Support/Code/User/globalStorage/vexrobotics.vexcode/sdk/cpp/V5/V5_20240802_15_00_00/vexv5/libv5rt.a(v5_apijump.c.obj)
                0x0000000003804b34                vexDebug
 .text.vex_sprintf
                0x0000000003804b6c       0x40 /Users/iainkim/Library/Application Support/Code/User/globalStorage/vexrobotics.vexcode/sdk/cpp/V5/V5_20240802_15_00_00/vexv5/libv5rt.a(v5_apijump.c.obj)
                0x0000000003804b6c                vex_sprintf
 .text.vex_vsnprintf
                0x0000000003804bac       0x3c /Users/iainkim/Library/Application Support/Code/User/globalStorage/vexrobotics.vexcode/sdk/cpp/V5/V5_20240802_15_00_00/vexv5/libv5rt.a(v5_apijump.c.obj)
                0x0000000003804bac                vex_vsnprintf
 .text.vexSystemTimeGet
                0x0000000003804be8       0x1c /Users/iainkim/Library/Application Support/Code/User/globalStorage/vexrobotics.vexcode/sdk/cpp/V5/V5_20240802_15_00_00/vexv5/libv5rt.a(v5_apijump.c.obj)
                0x0000000003804be8                vexSystemTimeGet
 .text.vexSystemExitRequest
                0x0000000003804c04       0x1c /Users/iainkim/Library/Application Support/Code/User/globalStorage/vexrobotics.vexcode/sdk/cpp/V5/V5_20240802_15_00_00/vexv5/libv5rt.a(v5_apijump.c.obj)
                0x0000000003804c04                vexSystemExitRequest
 .text.vexDeviceGetByIndex
                0x0000000003804c20       0x24 /Users/iainkim/Library/Application Support/Code/User/globalStorage/vexrobotics.vexcode/sdk/cpp/V5/V5_20240802_15_00_00/vexv5/libv5rt.a(v5_apijump.c.obj)
                0x0000000003804c20                vexDeviceGetByIndex
 .text.vexControllerGet
                0x0000000003804c44       0x2c /Users/iainkim/Library/Application Support/Code/User/globalStorage/vexrobotics.vexcode/sdk/cpp/V5/V5_20240802_15_00_00/vexv5/libv5rt.a(v5_apijump.c.obj)
                0x0000000003804c44                vexControllerGet
 .text.vexControllerTextSet
                0x0000000003804c70       0x74 /Users/iainkim/Library/Application Support/Code/User/globalStorage/vexrobotics.vexcode/sdk/cpp/V5/V5_20240802_15_00_00/vexv5/libv5rt.a(v5_apijump.c.obj)
                0x0000000003804c70                vexControllerTextSet
 .text.vexDeviceAdiPortConfigSet
                0x0000000003804ce4       0x34 /Users/iainkim/Library/Application Support/Code/User/globalStorage/vexrobotics.vexcode/sdk/cpp/V5/V5_20240802_15_00_00/vexv5/libv5rt.a(v5_apijump.c.obj)
                0x0000000003804ce4                vexDeviceAdiPortConfigSet
 .text.vexDeviceAdiPortConfigGet
                0x0000000003804d18       0x2c /Users/iainkim/Library/Application Support/Code/User/globalStorage/vexrobotics.vexcode/sdk/cpp/V5/V5_20240802_15_00_00/vexv5/libv5rt.a(v5_apijump.c.obj)
                0x0000000003804d18                vexDeviceAdiPortConfigGet
 .text.vexDeviceAdiValueSet
                0x0000000003804d44       0x34 /Users/iainkim/Library/Application Support/Code/User/globalStorage/vexrobotics.vexcode/sdk/cpp/V5/V5_20240802_15_00_00/vexv5/libv5rt.a(v5_apijump.c.obj)
                0x0000000003804d44                vexDeviceAdiValueSet
 .text.vexDeviceMotorVelocitySet
                0x0000000003804d78       0x2c /Users/iainkim/Library/Application Support/Code/User/globalStorage/vexrobotics.vexcode/sdk/cpp/V5/V5_20240802_15_00_00/vexv5/libv5rt.a(v5_apijump.c.obj)
                0x0000000003804d78                vexDeviceMotorVelocitySet
 .text.vexDeviceMotorVoltageSet
                0x0000000003804da4       0x2c /Users/iainkim/Library/Application Support/Code/User/globalStorage/vexrobotics.vexcode/sdk/cpp/V5/V5_20240802_15_00_00/vexv5/libv5rt.a(v5_apijump.c.obj)
                0x0000000003804da4                vexDeviceMotorVoltageSet
 .text.vexDeviceMotorActualVelocityGet
                0x0000000003804dd0       0x24 /Users/iainkim/Library/Application Support/Code/User/globalStorage/vexrobotics.vexcode/sdk/cpp/V5/V5_20240802_15_00_00/vexv5/libv5rt.a(v5_apijump.c.obj)
                0x0000000003804dd0                vexDeviceMotorActualVelocityGet
 .text.vexDeviceMotorReverseFlagSet
                0x0000000003804df4       0x2c /Users/iainkim/Library/Application Support/Code/User/globalStorage/vexrobotics.vexcode/sdk/cpp/V5/V5_20240802_15_00_00/vexv5/libv5rt.a(v5_apijump.c.obj)
                0x0000000003804df4                vexDeviceMotorReverseFlagSet
 .text.vexDeviceMotorEncoderUnitsSet
                0x0000000003804e20       0x2c /Users/iainkim/Library/Application Support/Code/User/globalStorage/vexrobotics.vexcode/sdk/cpp/V5/V5_20240802_15_00_00/vexv5/libv5rt.a(v5_apijump.c.obj)
                0x0000000003804e20                vexDeviceMotorEncoderUnitsSet
 .text.vexDeviceMotorBrakeModeSet
                0x0000000003804e4c       0x2c /Users/iainkim/Library/Application Support/Code/User/globalStorage/vexrobotics.vexcode/sdk/cpp/V5/V5_20240802_15_00_00/vexv5/libv5rt.a(v5_apijump.c.obj)
                0x0000000003804e4c                vexDeviceMotorBrakeModeSet
 .text.vexDeviceMotorPositionSet
                0x0000000003804e78       0x34 /Users/iainkim/Library/Application Support/Code/User/globalStorage/vexrobotics.vexcode/sdk/cpp/V5/V5_20240802_15_00_00/vexv5/libv5rt.a(v5_apijump.c.obj)
                0x0000000003804e78                vexDeviceMotorPositionSet
 .text.vexDeviceMotorPositionGet
                0x0000000003804eac       0x24 /Users/iainkim/Library/Application Support/Code/User/globalStorage/vexrobotics.vexcode/sdk/cpp/V5/V5_20240802_15_00_00/vexv5/libv5rt.a(v5_apijump.c.obj)
                0x0000000003804eac                vexDeviceMotorPositionGet
 .text.vexDeviceMotorGearingSet
                0x0000000003804ed0       0x2c /Users/iainkim/Library/Application Support/Code/User/globalStorage/vexrobotics.vexcode/sdk/cpp/V5/V5_20240802_15_00_00/vexv5/libv5rt.a(v5_apijump.c.obj)
                0x0000000003804ed0                vexDeviceMotorGearingSet
 .text.vexDeviceMotorGearingGet
                0x0000000003804efc       0x24 /Users/iainkim/Library/Application Support/Code/User/globalStorage/vexrobotics.vexcode/sdk/cpp/V5/V5_20240802_15_00_00/vexv5/libv5rt.a(v5_apijump.c.obj)
                0x0000000003804efc                vexDeviceMotorGearingGet
 .text.vexDeviceImuReset
                0x0000000003804f20       0x24 /Users/iainkim/Library/Application Support/Code/User/globalStorage/vexrobotics.vexcode/sdk/cpp/V5/V5_20240802_15_00_00/vexv5/libv5rt.a(v5_apijump.c.obj)
                0x0000000003804f20                vexDeviceImuReset
 .text.vexDeviceImuHeadingGet
                0x0000000003804f44       0x24 /Users/iainkim/Library/Application Support/Code/User/globalStorage/vexrobotics.vexcode/sdk/cpp/V5/V5_20240802_15_00_00/vexv5/libv5rt.a(v5_apijump.c.obj)
                0x0000000003804f44                vexDeviceImuHeadingGet
 .text.vexDeviceImuDegreesGet
                0x0000000003804f68       0x24 /Users/iainkim/Library/Application Support/Code/User/globalStorage/vexrobotics.vexcode/sdk/cpp/V5/V5_20240802_15_00_00/vexv5/libv5rt.a(v5_apijump.c.obj)
                0x0000000003804f68                vexDeviceImuDegreesGet
 .text.vexDeviceImuStatusGet
                0x0000000003804f8c       0x24 /Users/iainkim/Library/Application Support/Code/User/globalStorage/vexrobotics.vexcode/sdk/cpp/V5/V5_20240802_15_00_00/vexv5/libv5rt.a(v5_apijump.c.obj)
                0x0000000003804f8c                vexDeviceImuStatusGet
 .text.vexDeviceAbsEncAngleGet
                0x0000000003804fb0       0x24 /Users/iainkim/Library/Application Support/Code/User/globalStorage/vexrobotics.vexcode/sdk/cpp/V5/V5_20240802_15_00_00/vexv5/libv5rt.a(v5_apijump.c.obj)
                0x0000000003804fb0                vexDeviceAbsEncAngleGet
 .text.vexDeviceAbsEncReverseFlagSet
                0x0000000003804fd4       0x2c /Users/iainkim/Library/Application Support/Code/User/globalStorage/vexrobotics.vexcode/sdk/cpp/V5/V5_20240802_15_00_00/vexv5/libv5rt.a(v5_apijump.c.obj)
                0x0000000003804fd4                vexDeviceAbsEncReverseFlagSet
 .text.vexDeviceOpticalHueGet
                0x0000000003805000       0x24 /Users/iainkim/Library/Application Support/Code/User/globalStorage/vexrobotics.vexcode/sdk/cpp/V5/V5_20240802_15_00_00/vexv5/libv5rt.a(v5_apijump.c.obj)
                0x0000000003805000                vexDeviceOpticalHueGet
 .text.vexDeviceOpticalGestureEnable
                0x0000000003805024       0x24 /Users/iainkim/Library/Application Support/Code/User/globalStorage/vexrobotics.vexcode/sdk/cpp/V5/V5_20240802_15_00_00/vexv5/libv5rt.a(v5_apijump.c.obj)
                0x0000000003805024                vexDeviceOpticalGestureEnable
 .text.vexDeviceOpticalGestureDisable
                0x0000000003805048       0x24 /Users/iainkim/Library/Application Support/Code/User/globalStorage/vexrobotics.vexcode/sdk/cpp/V5/V5_20240802_15_00_00/vexv5/libv5rt.a(v5_apijump.c.obj)
                0x0000000003805048                vexDeviceOpticalGestureDisable
 .text.vexDeviceOpticalProximityThreshold
                0x000000000380506c       0x2c /Users/iainkim/Library/Application Support/Code/User/globalStorage/vexrobotics.vexcode/sdk/cpp/V5/V5_20240802_15_00_00/vexv5/libv5rt.a(v5_apijump.c.obj)
                0x000000000380506c                vexDeviceOpticalProximityThreshold
 .text.vexDisplayForegroundColor
                0x0000000003805098       0x24 /Users/iainkim/Library/Application Support/Code/User/globalStorage/vexrobotics.vexcode/sdk/cpp/V5/V5_20240802_15_00_00/vexv5/libv5rt.a(v5_apijump.c.obj)
                0x0000000003805098                vexDisplayForegroundColor
 .text.vexDisplayBackgroundColor
                0x00000000038050bc       0x24 /Users/iainkim/Library/Application Support/Code/User/globalStorage/vexrobotics.vexcode/sdk/cpp/V5/V5_20240802_15_00_00/vexv5/libv5rt.a(v5_apijump.c.obj)
                0x00000000038050bc                vexDisplayBackgroundColor
 .text.vexDisplayBackgroundColorGet
                0x00000000038050e0       0x1c /Users/iainkim/Library/Application Support/Code/User/globalStorage/vexrobotics.vexcode/sdk/cpp/V5/V5_20240802_15_00_00/vexv5/libv5rt.a(v5_apijump.c.obj)
                0x00000000038050e0                vexDisplayBackgroundColorGet
 .text.vexDisplayRectClear
                0x00000000038050fc       0x4c /Users/iainkim/Library/Application Support/Code/User/globalStorage/vexrobotics.vexcode/sdk/cpp/V5/V5_20240802_15_00_00/vexv5/libv5rt.a(v5_apijump.c.obj)
                0x00000000038050fc                vexDisplayRectClear
 .text.vexDisplayVPrintf
                0x0000000003805148       0x50 /Users/iainkim/Library/Application Support/Code/User/globalStorage/vexrobotics.vexcode/sdk/cpp/V5/V5_20240802_15_00_00/vexv5/libv5rt.a(v5_apijump.c.obj)
                0x0000000003805148                vexDisplayVPrintf
 .text.vexDisplayTextReference
                0x0000000003805198       0x24 /Users/iainkim/Library/Application Support/Code/User/globalStorage/vexrobotics.vexcode/sdk/cpp/V5/V5_20240802_15_00_00/vexv5/libv5rt.a(v5_apijump.c.obj)
                0x0000000003805198                vexDisplayTextReference
 .text.vexDisplayTextSize
                0x00000000038051bc       0x2c /Users/iainkim/Library/Application Support/Code/User/globalStorage/vexrobotics.vexcode/sdk/cpp/V5/V5_20240802_15_00_00/vexv5/libv5rt.a(v5_apijump.c.obj)
                0x00000000038051bc                vexDisplayTextSize
 .text.vexDisplayFontNamedSet
                0x00000000038051e8       0x24 /Users/iainkim/Library/Application Support/Code/User/globalStorage/vexrobotics.vexcode/sdk/cpp/V5/V5_20240802_15_00_00/vexv5/libv5rt.a(v5_apijump.c.obj)
                0x00000000038051e8                vexDisplayFontNamedSet
 .text.vexDisplayStringWidthGet
                0x000000000380520c       0x24 /Users/iainkim/Library/Application Support/Code/User/globalStorage/vexrobotics.vexcode/sdk/cpp/V5/V5_20240802_15_00_00/vexv5/libv5rt.a(v5_apijump.c.obj)
                0x000000000380520c                vexDisplayStringWidthGet
 .text.vexSystemStdlibImpureDataAddr
                0x0000000003805230       0x28 /Users/iainkim/Library/Application Support/Code/User/globalStorage/vexrobotics.vexcode/sdk/cpp/V5/V5_20240802_15_00_00/vexv5/libv5rt.a(v5_apijump.c.obj)
                0x0000000003805230                vexSystemStdlibImpureDataAddr
 .text.vexSystemStdlibImpureDataSize
                0x0000000003805258       0x28 /Users/iainkim/Library/Application Support/Code/User/globalStorage/vexrobotics.vexcode/sdk/cpp/V5/V5_20240802_15_00_00/vexv5/libv5rt.a(v5_apijump.c.obj)
                0x0000000003805258                vexSystemStdlibImpureDataSize
 .text.vexSystemSaveUserData
                0x0000000003805280       0x3c /Users/iainkim/Library/Application Support/Code/User/globalStorage/vexrobotics.vexcode/sdk/cpp/V5/V5_20240802_15_00_00/vexv5/libv5rt.a(v5_apijump.c.obj)
                0x0000000003805280                vexSystemSaveUserData
 .text.vexDisplayThemeIdGet
                0x00000000038052bc       0x38 /Users/iainkim/Library/Application Support/Code/User/globalStorage/vexrobotics.vexcode/sdk/cpp/V5/V5_20240802_15_00_00/vexv5/libv5rt.a(v5_apijump.c.obj)
                0x00000000038052bc                vexDisplayThemeIdGet
 .text.vexDeviceEventMaskSet
                0x00000000038052f4       0x48 /Users/iainkim/Library/Application Support/Code/User/globalStorage/vexrobotics.vexcode/sdk/cpp/V5/V5_20240802_15_00_00/vexv5/libv5rt.a(v5_apijump.c.obj)
                0x00000000038052f4                vexDeviceEventMaskSet
 .text.vexDeviceEventMaskGet
                0x000000000380533c       0x3c /Users/iainkim/Library/Application Support/Code/User/globalStorage/vexrobotics.vexcode/sdk/cpp/V5/V5_20240802_15_00_00/vexv5/libv5rt.a(v5_apijump.c.obj)
                0x000000000380533c                vexDeviceEventMaskGet
 .text.vexSystemVersion
                0x0000000003805378       0x10 /Users/iainkim/Library/Application Support/Code/User/globalStorage/vexrobotics.vexcode/sdk/cpp/V5/V5_20240802_15_00_00/vexv5/libv5rt.a(v5_apiversions.c.obj)
                0x0000000003805378                vexSystemVersion
 .text.vexStdlibVersion
                0x0000000003805388       0x10 /Users/iainkim/Library/Application Support/Code/User/globalStorage/vexrobotics.vexcode/sdk/cpp/V5/V5_20240802_15_00_00/vexv5/libv5rt.a(v5_apiversions.c.obj)
                0x0000000003805388                vexStdlibVersion
 .text._ZN3vex4waitEdNS_9timeUnitsE
                0x0000000003805398       0x30 /Users/iainkim/Library/Application Support/Code/User/globalStorage/vexrobotics.vexcode/sdk/cpp/V5/V5_20240802_15_00_00/vexv5/libv5rt.a(vex_global.cpp.obj)
                0x0000000003805398                vex::wait(double, vex::timeUnits)
 .text._ZN3vex5motorD2Ev
                0x00000000038053c8       0x20 /Users/iainkim/Library/Application Support/Code/User/globalStorage/vexrobotics.vexcode/sdk/cpp/V5/V5_20240802_15_00_00/vexv5/libv5rt.a(vex_motor.cpp.obj)
                0x00000000038053c8                vex::motor::~motor()
                0x00000000038053c8                vex::motor::~motor()
 .text._ZN3vex5motorD0Ev
                0x00000000038053e8       0x1c /Users/iainkim/Library/Application Support/Code/User/globalStorage/vexrobotics.vexcode/sdk/cpp/V5/V5_20240802_15_00_00/vexv5/libv5rt.a(vex_motor.cpp.obj)
                0x00000000038053e8                vex::motor::~motor()
 .text._ZN3vex5motor9installedEv
                0x0000000003805404       0x18 /Users/iainkim/Library/Application Support/Code/User/globalStorage/vexrobotics.vexcode/sdk/cpp/V5/V5_20240802_15_00_00/vexv5/libv5rt.a(vex_motor.cpp.obj)
                0x0000000003805404                vex::motor::installed()
 .text._ZN3vex5motor15defaultStoppingENS_9brakeTypeE
                0x000000000380541c       0x30 /Users/iainkim/Library/Application Support/Code/User/globalStorage/vexrobotics.vexcode/sdk/cpp/V5/V5_20240802_15_00_00/vexv5/libv5rt.a(vex_motor.cpp.obj)
                0x000000000380541c                vex::motor::defaultStopping(vex::brakeType)
 .text._ZN3vex5motor8setBrakeENS_9brakeTypeE
                0x000000000380544c        0x4 /Users/iainkim/Library/Application Support/Code/User/globalStorage/vexrobotics.vexcode/sdk/cpp/V5/V5_20240802_15_00_00/vexv5/libv5rt.a(vex_motor.cpp.obj)
                0x000000000380544c                vex::motor::setBrake(vex::brakeType)
 .text._ZN3vex5motorC2El
                0x0000000003805450       0x78 /Users/iainkim/Library/Application Support/Code/User/globalStorage/vexrobotics.vexcode/sdk/cpp/V5/V5_20240802_15_00_00/vexv5/libv5rt.a(vex_motor.cpp.obj)
                0x0000000003805450                vex::motor::motor(long)
                0x0000000003805450                vex::motor::motor(long)
 .text._ZN3vex5motorC2ElNS_11gearSettingEb
                0x00000000038054c8       0x34 /Users/iainkim/Library/Application Support/Code/User/globalStorage/vexrobotics.vexcode/sdk/cpp/V5/V5_20240802_15_00_00/vexv5/libv5rt.a(vex_motor.cpp.obj)
                0x00000000038054c8                vex::motor::motor(long, vex::gearSetting, bool)
                0x00000000038054c8                vex::motor::motor(long, vex::gearSetting, bool)
 .text._ZN3vex5motorC2Elb
                0x00000000038054fc       0x24 /Users/iainkim/Library/Application Support/Code/User/globalStorage/vexrobotics.vexcode/sdk/cpp/V5/V5_20240802_15_00_00/vexv5/libv5rt.a(vex_motor.cpp.obj)
                0x00000000038054fc                vex::motor::motor(long, bool)
                0x00000000038054fc                vex::motor::motor(long, bool)
 .text._ZN3vex5motor4spinENS_13directionTypeEdNS_12voltageUnitsE
                0x0000000003805520       0x50 /Users/iainkim/Library/Application Support/Code/User/globalStorage/vexrobotics.vexcode/sdk/cpp/V5/V5_20240802_15_00_00/vexv5/libv5rt.a(vex_motor.cpp.obj)
                0x0000000003805520                vex::motor::spin(vex::directionType, double, vex::voltageUnits)
 .text._ZN3vex5motor4stopENS_9brakeTypeE
                0x0000000003805570       0x30 /Users/iainkim/Library/Application Support/Code/User/globalStorage/vexrobotics.vexcode/sdk/cpp/V5/V5_20240802_15_00_00/vexv5/libv5rt.a(vex_motor.cpp.obj)
                0x0000000003805570                vex::motor::stop(vex::brakeType)
 .text._ZN3vex5motor4stopEv
                0x00000000038055a0        0x8 /Users/iainkim/Library/Application Support/Code/User/globalStorage/vexrobotics.vexcode/sdk/cpp/V5/V5_20240802_15_00_00/vexv5/libv5rt.a(vex_motor.cpp.obj)
                0x00000000038055a0                vex::motor::stop()
 .text._ZN3vex5motor16velocityToScaledEdNS_13velocityUnitsE
                0x00000000038055a8       0x5c /Users/iainkim/Library/Application Support/Code/User/globalStorage/vexrobotics.vexcode/sdk/cpp/V5/V5_20240802_15_00_00/vexv5/libv5rt.a(vex_motor.cpp.obj)
                0x00000000038055a8                vex::motor::velocityToScaled(double, vex::velocityUnits)
 .text._ZN3vex5motor8velocityENS_13velocityUnitsE
                0x0000000003805604       0x30 /Users/iainkim/Library/Application Support/Code/User/globalStorage/vexrobotics.vexcode/sdk/cpp/V5/V5_20240802_15_00_00/vexv5/libv5rt.a(vex_motor.cpp.obj)
                0x0000000003805604                vex::motor::velocity(vex::velocityUnits)
 .text._ZN3vex5motor5valueEv
                0x0000000003805634       0x1c /Users/iainkim/Library/Application Support/Code/User/globalStorage/vexrobotics.vexcode/sdk/cpp/V5/V5_20240802_15_00_00/vexv5/libv5rt.a(vex_motor.cpp.obj)
                0x0000000003805634                vex::motor::value()
 .text._ZN3vex5motor16scaledToVelocityEdNS_13velocityUnitsE
                0x0000000003805650       0xa4 /Users/iainkim/Library/Application Support/Code/User/globalStorage/vexrobotics.vexcode/sdk/cpp/V5/V5_20240802_15_00_00/vexv5/libv5rt.a(vex_motor.cpp.obj)
                0x0000000003805650                vex::motor::scaledToVelocity(double, vex::velocityUnits)
 .text._ZN3vex5motor4spinENS_13directionTypeEdNS_13velocityUnitsE
                0x00000000038056f4       0x5c /Users/iainkim/Library/Application Support/Code/User/globalStorage/vexrobotics.vexcode/sdk/cpp/V5/V5_20240802_15_00_00/vexv5/libv5rt.a(vex_motor.cpp.obj)
                0x00000000038056f4                vex::motor::spin(vex::directionType, double, vex::velocityUnits)
 .text._ZN3vex5motor16setRotationUnitsENS_13rotationUnitsE
                0x0000000003805750       0x1c /Users/iainkim/Library/Application Support/Code/User/globalStorage/vexrobotics.vexcode/sdk/cpp/V5/V5_20240802_15_00_00/vexv5/libv5rt.a(vex_motor.cpp.obj)
                0x0000000003805750                vex::motor::setRotationUnits(vex::rotationUnits)
 .text._ZN3vex5motor8positionENS_13rotationUnitsE
                0x000000000380576c       0x44 /Users/iainkim/Library/Application Support/Code/User/globalStorage/vexrobotics.vexcode/sdk/cpp/V5/V5_20240802_15_00_00/vexv5/libv5rt.a(vex_motor.cpp.obj)
                0x000000000380576c                vex::motor::position(vex::rotationUnits)
 .text._ZN3vex8inertial11getTurnTypeEv
                0x00000000038057b0        0x8 /Users/iainkim/Library/Application Support/Code/User/globalStorage/vexrobotics.vexcode/sdk/cpp/V5/V5_20240802_15_00_00/vexv5/libv5rt.a(vex_imu.cpp.obj)
                0x00000000038057b0                vex::inertial::getTurnType()
 .text._ZThn16_N3vex8inertial11getTurnTypeEv
                0x00000000038057b8        0x8 /Users/iainkim/Library/Application Support/Code/User/globalStorage/vexrobotics.vexcode/sdk/cpp/V5/V5_20240802_15_00_00/vexv5/libv5rt.a(vex_imu.cpp.obj)
                0x00000000038057b8                non-virtual thunk to vex::inertial::getTurnType()
 .text._ZN3vex8inertial10setHeadingEdNS_13rotationUnitsE
                0x00000000038057c0       0x58 /Users/iainkim/Library/Application Support/Code/User/globalStorage/vexrobotics.vexcode/sdk/cpp/V5/V5_20240802_15_00_00/vexv5/libv5rt.a(vex_imu.cpp.obj)
                0x00000000038057c0                vex::inertial::setHeading(double, vex::rotationUnits)
 .text._ZThn16_N3vex8inertial10setHeadingEdNS_13rotationUnitsE
                0x0000000003805818        0x8 /Users/iainkim/Library/Application Support/Code/User/globalStorage/vexrobotics.vexcode/sdk/cpp/V5/V5_20240802_15_00_00/vexv5/libv5rt.a(vex_imu.cpp.obj)
                0x0000000003805818                non-virtual thunk to vex::inertial::setHeading(double, vex::rotationUnits)
 .text._ZN3vex8inertial11setRotationEdNS_13rotationUnitsE
                0x0000000003805820       0x58 /Users/iainkim/Library/Application Support/Code/User/globalStorage/vexrobotics.vexcode/sdk/cpp/V5/V5_20240802_15_00_00/vexv5/libv5rt.a(vex_imu.cpp.obj)
                0x0000000003805820                vex::inertial::setRotation(double, vex::rotationUnits)
 .text._ZThn16_N3vex8inertial11setRotationEdNS_13rotationUnitsE
                0x0000000003805878        0x8 /Users/iainkim/Library/Application Support/Code/User/globalStorage/vexrobotics.vexcode/sdk/cpp/V5/V5_20240802_15_00_00/vexv5/libv5rt.a(vex_imu.cpp.obj)
                0x0000000003805878                non-virtual thunk to vex::inertial::setRotation(double, vex::rotationUnits)
 .text._ZN3vex8inertialD2Ev
                0x0000000003805880       0x20 /Users/iainkim/Library/Application Support/Code/User/globalStorage/vexrobotics.vexcode/sdk/cpp/V5/V5_20240802_15_00_00/vexv5/libv5rt.a(vex_imu.cpp.obj)
                0x0000000003805880                vex::inertial::~inertial()
                0x0000000003805880                vex::inertial::~inertial()
 .text._ZThn16_N3vex8inertialD1Ev
                0x00000000038058a0        0x8 /Users/iainkim/Library/Application Support/Code/User/globalStorage/vexrobotics.vexcode/sdk/cpp/V5/V5_20240802_15_00_00/vexv5/libv5rt.a(vex_imu.cpp.obj)
                0x00000000038058a0                non-virtual thunk to vex::inertial::~inertial()
 .text._ZN3vex8inertialD0Ev
                0x00000000038058a8       0x1c /Users/iainkim/Library/Application Support/Code/User/globalStorage/vexrobotics.vexcode/sdk/cpp/V5/V5_20240802_15_00_00/vexv5/libv5rt.a(vex_imu.cpp.obj)
                0x00000000038058a8                vex::inertial::~inertial()
 .text._ZThn16_N3vex8inertialD0Ev
                0x00000000038058c4        0x8 /Users/iainkim/Library/Application Support/Code/User/globalStorage/vexrobotics.vexcode/sdk/cpp/V5/V5_20240802_15_00_00/vexv5/libv5rt.a(vex_imu.cpp.obj)
                0x00000000038058c4                non-virtual thunk to vex::inertial::~inertial()
 .text._ZN3vex8inertial9installedEv
                0x00000000038058cc       0x18 /Users/iainkim/Library/Application Support/Code/User/globalStorage/vexrobotics.vexcode/sdk/cpp/V5/V5_20240802_15_00_00/vexv5/libv5rt.a(vex_imu.cpp.obj)
                0x00000000038058cc                vex::inertial::installed()
 .text._ZN3vex8inertial5angleENS_13rotationUnitsE
                0x00000000038058e4       0x6c /Users/iainkim/Library/Application Support/Code/User/globalStorage/vexrobotics.vexcode/sdk/cpp/V5/V5_20240802_15_00_00/vexv5/libv5rt.a(vex_imu.cpp.obj)
                0x00000000038058e4                vex::inertial::angle(vex::rotationUnits)
 .text._ZThn16_N3vex8inertial5angleENS_13rotationUnitsE
                0x0000000003805950        0x8 /Users/iainkim/Library/Application Support/Code/User/globalStorage/vexrobotics.vexcode/sdk/cpp/V5/V5_20240802_15_00_00/vexv5/libv5rt.a(vex_imu.cpp.obj)
                0x0000000003805950                non-virtual thunk to vex::inertial::angle(vex::rotationUnits)
 .text._ZN3vex8inertial7headingENS_13rotationUnitsE
                0x0000000003805958        0x4 /Users/iainkim/Library/Application Support/Code/User/globalStorage/vexrobotics.vexcode/sdk/cpp/V5/V5_20240802_15_00_00/vexv5/libv5rt.a(vex_imu.cpp.obj)
                0x0000000003805958                vex::inertial::heading(vex::rotationUnits)
 .text._ZThn16_N3vex8inertial7headingENS_13rotationUnitsE
                0x000000000380595c        0x8 /Users/iainkim/Library/Application Support/Code/User/globalStorage/vexrobotics.vexcode/sdk/cpp/V5/V5_20240802_15_00_00/vexv5/libv5rt.a(vex_imu.cpp.obj)
                0x000000000380595c                non-virtual thunk to vex::inertial::heading(vex::rotationUnits)
 .text._ZN3vex8inertial5valueEv
                0x0000000003805964       0x1c /Users/iainkim/Library/Application Support/Code/User/globalStorage/vexrobotics.vexcode/sdk/cpp/V5/V5_20240802_15_00_00/vexv5/libv5rt.a(vex_imu.cpp.obj)
                0x0000000003805964                vex::inertial::value()
 .text._ZN3vex8inertial8rotationENS_13rotationUnitsE
                0x0000000003805980       0x48 /Users/iainkim/Library/Application Support/Code/User/globalStorage/vexrobotics.vexcode/sdk/cpp/V5/V5_20240802_15_00_00/vexv5/libv5rt.a(vex_imu.cpp.obj)
                0x0000000003805980                vex::inertial::rotation(vex::rotationUnits)
 .text._ZThn16_N3vex8inertial8rotationENS_13rotationUnitsE
                0x00000000038059c8        0x8 /Users/iainkim/Library/Application Support/Code/User/globalStorage/vexrobotics.vexcode/sdk/cpp/V5/V5_20240802_15_00_00/vexv5/libv5rt.a(vex_imu.cpp.obj)
                0x00000000038059c8                non-virtual thunk to vex::inertial::rotation(vex::rotationUnits)
 .text._ZN3vex8inertial13isCalibratingEv
                0x00000000038059d0       0x38 /Users/iainkim/Library/Application Support/Code/User/globalStorage/vexrobotics.vexcode/sdk/cpp/V5/V5_20240802_15_00_00/vexv5/libv5rt.a(vex_imu.cpp.obj)
                0x00000000038059d0                vex::inertial::isCalibrating()
 .text._ZThn16_N3vex8inertial13isCalibratingEv
                0x0000000003805a08        0x8 /Users/iainkim/Library/Application Support/Code/User/globalStorage/vexrobotics.vexcode/sdk/cpp/V5/V5_20240802_15_00_00/vexv5/libv5rt.a(vex_imu.cpp.obj)
                0x0000000003805a08                non-virtual thunk to vex::inertial::isCalibrating()
 .text._ZN3vex8inertialC2ElNS_8turnTypeE
                0x0000000003805a10       0x4c /Users/iainkim/Library/Application Support/Code/User/globalStorage/vexrobotics.vexcode/sdk/cpp/V5/V5_20240802_15_00_00/vexv5/libv5rt.a(vex_imu.cpp.obj)
                0x0000000003805a10                vex::inertial::inertial(long, vex::turnType)
                0x0000000003805a10                vex::inertial::inertial(long, vex::turnType)
 .text._ZN3vex8inertial16startCalibrationEl
                0x0000000003805a5c       0x20 /Users/iainkim/Library/Application Support/Code/User/globalStorage/vexrobotics.vexcode/sdk/cpp/V5/V5_20240802_15_00_00/vexv5/libv5rt.a(vex_imu.cpp.obj)
                0x0000000003805a5c                vex::inertial::startCalibration(long)
 .text._ZN3vex8inertial9calibrateEl
                0x0000000003805a7c        0xc /Users/iainkim/Library/Application Support/Code/User/globalStorage/vexrobotics.vexcode/sdk/cpp/V5/V5_20240802_15_00_00/vexv5/libv5rt.a(vex_imu.cpp.obj)
                0x0000000003805a7c                vex::inertial::calibrate(long)
                0x0000000003805a80                non-virtual thunk to vex::inertial::calibrate(long)
 .text._ZN3vex8rotationD2Ev
                0x0000000003805a88       0x20 /Users/iainkim/Library/Application Support/Code/User/globalStorage/vexrobotics.vexcode/sdk/cpp/V5/V5_20240802_15_00_00/vexv5/libv5rt.a(vex_rotation.cpp.obj)
                0x0000000003805a88                vex::rotation::~rotation()
                0x0000000003805a88                vex::rotation::~rotation()
 .text._ZN3vex8rotationD0Ev
                0x0000000003805aa8       0x1c /Users/iainkim/Library/Application Support/Code/User/globalStorage/vexrobotics.vexcode/sdk/cpp/V5/V5_20240802_15_00_00/vexv5/libv5rt.a(vex_rotation.cpp.obj)
                0x0000000003805aa8                vex::rotation::~rotation()
 .text._ZN3vex8rotation9installedEv
                0x0000000003805ac4       0x18 /Users/iainkim/Library/Application Support/Code/User/globalStorage/vexrobotics.vexcode/sdk/cpp/V5/V5_20240802_15_00_00/vexv5/libv5rt.a(vex_rotation.cpp.obj)
                0x0000000003805ac4                vex::rotation::installed()
 .text._ZN3vex8rotation5valueEv
                0x0000000003805adc        0x8 /Users/iainkim/Library/Application Support/Code/User/globalStorage/vexrobotics.vexcode/sdk/cpp/V5/V5_20240802_15_00_00/vexv5/libv5rt.a(vex_rotation.cpp.obj)
                0x0000000003805adc                vex::rotation::value()
 .text._ZN3vex8rotationC2Elb
                0x0000000003805ae4       0x30 /Users/iainkim/Library/Application Support/Code/User/globalStorage/vexrobotics.vexcode/sdk/cpp/V5/V5_20240802_15_00_00/vexv5/libv5rt.a(vex_rotation.cpp.obj)
                0x0000000003805ae4                vex::rotation::rotation(long, bool)
                0x0000000003805ae4                vex::rotation::rotation(long, bool)
 .text._ZN3vex7opticalD2Ev
                0x0000000003805b14       0x20 /Users/iainkim/Library/Application Support/Code/User/globalStorage/vexrobotics.vexcode/sdk/cpp/V5/V5_20240802_15_00_00/vexv5/libv5rt.a(vex_optical.cpp.obj)
                0x0000000003805b14                vex::optical::~optical()
                0x0000000003805b14                vex::optical::~optical()
 .text._ZN3vex7opticalD0Ev
                0x0000000003805b34       0x1c /Users/iainkim/Library/Application Support/Code/User/globalStorage/vexrobotics.vexcode/sdk/cpp/V5/V5_20240802_15_00_00/vexv5/libv5rt.a(vex_optical.cpp.obj)
                0x0000000003805b34                vex::optical::~optical()
 .text._ZN3vex7optical9installedEv
                0x0000000003805b50       0x18 /Users/iainkim/Library/Application Support/Code/User/globalStorage/vexrobotics.vexcode/sdk/cpp/V5/V5_20240802_15_00_00/vexv5/libv5rt.a(vex_optical.cpp.obj)
                0x0000000003805b50                vex::optical::installed()
 .text._ZN3vex7optical3hueEv
                0x0000000003805b68        0x8 /Users/iainkim/Library/Application Support/Code/User/globalStorage/vexrobotics.vexcode/sdk/cpp/V5/V5_20240802_15_00_00/vexv5/libv5rt.a(vex_optical.cpp.obj)
                0x0000000003805b68                vex::optical::hue()
 .text._ZN3vex7optical5valueEv
                0x0000000003805b70       0x18 /Users/iainkim/Library/Application Support/Code/User/globalStorage/vexrobotics.vexcode/sdk/cpp/V5/V5_20240802_15_00_00/vexv5/libv5rt.a(vex_optical.cpp.obj)
                0x0000000003805b70                vex::optical::value()
 .text._ZN3vex7optical13gestureEnableEv
                0x0000000003805b88        0x8 /Users/iainkim/Library/Application Support/Code/User/globalStorage/vexrobotics.vexcode/sdk/cpp/V5/V5_20240802_15_00_00/vexv5/libv5rt.a(vex_optical.cpp.obj)
                0x0000000003805b88                vex::optical::gestureEnable()
 .text._ZN3vex7optical14gestureDisableEv
                0x0000000003805b90        0x8 /Users/iainkim/Library/Application Support/Code/User/globalStorage/vexrobotics.vexcode/sdk/cpp/V5/V5_20240802_15_00_00/vexv5/libv5rt.a(vex_optical.cpp.obj)
                0x0000000003805b90                vex::optical::gestureDisable()
 .text._ZN3vex7opticalC2Elb
                0x0000000003805b98       0x54 /Users/iainkim/Library/Application Support/Code/User/globalStorage/vexrobotics.vexcode/sdk/cpp/V5/V5_20240802_15_00_00/vexv5/libv5rt.a(vex_optical.cpp.obj)
                0x0000000003805b98                vex::optical::optical(long, bool)
                0x0000000003805b98                vex::optical::optical(long, bool)
 .text._ZN3vex10controllerD2Ev
                0x0000000003805bec        0x4 /Users/iainkim/Library/Application Support/Code/User/globalStorage/vexrobotics.vexcode/sdk/cpp/V5/V5_20240802_15_00_00/vexv5/libv5rt.a(vex_controller.cpp.obj)
                0x0000000003805bec                vex::controller::~controller()
                0x0000000003805bec                vex::controller::~controller()
 .text._ZN3vex10controller5valueE19_V5_ControllerIndex
                0x0000000003805bf0        0x8 /Users/iainkim/Library/Application Support/Code/User/globalStorage/vexrobotics.vexcode/sdk/cpp/V5/V5_20240802_15_00_00/vexv5/libv5rt.a(vex_controller.cpp.obj)
                0x0000000003805bf0                vex::controller::value(_V5_ControllerIndex)
 .text._ZNK3vex10controller6button8pressingEv
                0x0000000003805bf8       0xc8 /Users/iainkim/Library/Application Support/Code/User/globalStorage/vexrobotics.vexcode/sdk/cpp/V5/V5_20240802_15_00_00/vexv5/libv5rt.a(vex_controller.cpp.obj)
                0x0000000003805bf8                vex::controller::button::pressing() const
 .text._ZNK3vex10controller6button21_buttonToPressedEventEv
                0x0000000003805cc0       0x20 /Users/iainkim/Library/Application Support/Code/User/globalStorage/vexrobotics.vexcode/sdk/cpp/V5/V5_20240802_15_00_00/vexv5/libv5rt.a(vex_controller.cpp.obj)
                0x0000000003805cc0                vex::controller::button::_buttonToPressedEvent() const
 .text._ZNK3vex10controller6button22_buttonToReleasedEventEv
                0x0000000003805ce0       0x20 /Users/iainkim/Library/Application Support/Code/User/globalStorage/vexrobotics.vexcode/sdk/cpp/V5/V5_20240802_15_00_00/vexv5/libv5rt.a(vex_controller.cpp.obj)
                0x0000000003805ce0                vex::controller::button::_buttonToReleasedEvent() const
 .text._ZN3vex10controller6buttonC2ENS0_11tButtonTypeEPS0_
                0x0000000003805d00       0x48 /Users/iainkim/Library/Application Support/Code/User/globalStorage/vexrobotics.vexcode/sdk/cpp/V5/V5_20240802_15_00_00/vexv5/libv5rt.a(vex_controller.cpp.obj)
                0x0000000003805d00                vex::controller::button::button(vex::controller::tButtonType, vex::controller*)
                0x0000000003805d00                vex::controller::button::button(vex::controller::tButtonType, vex::controller*)
 .text._ZNK3vex10controller4axis5valueEv
                0x0000000003805d48       0x58 /Users/iainkim/Library/Application Support/Code/User/globalStorage/vexrobotics.vexcode/sdk/cpp/V5/V5_20240802_15_00_00/vexv5/libv5rt.a(vex_controller.cpp.obj)
                0x0000000003805d48                vex::controller::axis::value() const
 .text._ZNK3vex10controller4axis8positionENS_12percentUnitsE
                0x0000000003805da0       0x1c /Users/iainkim/Library/Application Support/Code/User/globalStorage/vexrobotics.vexcode/sdk/cpp/V5/V5_20240802_15_00_00/vexv5/libv5rt.a(vex_controller.cpp.obj)
                0x0000000003805da0                vex::controller::axis::position(vex::percentUnits) const
 .text._ZNK3vex10controller4axis23_joystickToChangedEventEv
                0x0000000003805dbc       0x20 /Users/iainkim/Library/Application Support/Code/User/globalStorage/vexrobotics.vexcode/sdk/cpp/V5/V5_20240802_15_00_00/vexv5/libv5rt.a(vex_controller.cpp.obj)
                0x0000000003805dbc                vex::controller::axis::_joystickToChangedEvent() const
 .text._ZN3vex10controller4axisC2ENS0_9tAxisTypeEPS0_
                0x0000000003805ddc       0x2c /Users/iainkim/Library/Application Support/Code/User/globalStorage/vexrobotics.vexcode/sdk/cpp/V5/V5_20240802_15_00_00/vexv5/libv5rt.a(vex_controller.cpp.obj)
                0x0000000003805ddc                vex::controller::axis::axis(vex::controller::tAxisType, vex::controller*)
                0x0000000003805ddc                vex::controller::axis::axis(vex::controller::tAxisType, vex::controller*)
 .text._ZN3vex10controllerC2ENS_14controllerTypeE
                0x0000000003805e08      0x16c /Users/iainkim/Library/Application Support/Code/User/globalStorage/vexrobotics.vexcode/sdk/cpp/V5/V5_20240802_15_00_00/vexv5/libv5rt.a(vex_controller.cpp.obj)
                0x0000000003805e08                vex::controller::controller(vex::controllerType)
                0x0000000003805e08                vex::controller::controller(vex::controllerType)
 .text._ZN3vex10controller3lcd15getControllerIdEv
                0x0000000003805f74       0x10 /Users/iainkim/Library/Application Support/Code/User/globalStorage/vexrobotics.vexcode/sdk/cpp/V5/V5_20240802_15_00_00/vexv5/libv5rt.a(vex_controller.cpp.obj)
                0x0000000003805f74                vex::controller::lcd::getControllerId()
 .text._ZN3vex10controller3lcd9setCursorEll
                0x0000000003805f84       0x40 /Users/iainkim/Library/Application Support/Code/User/globalStorage/vexrobotics.vexcode/sdk/cpp/V5/V5_20240802_15_00_00/vexv5/libv5rt.a(vex_controller.cpp.obj)
                0x0000000003805f84                vex::controller::lcd::setCursor(long, long)
 .text._ZN3vex10controller3lcd5printEPKcz
                0x0000000003805fc4       0x80 /Users/iainkim/Library/Application Support/Code/User/globalStorage/vexrobotics.vexcode/sdk/cpp/V5/V5_20240802_15_00_00/vexv5/libv5rt.a(vex_controller.cpp.obj)
                0x0000000003805fc4                vex::controller::lcd::print(char const*, ...)
 .text._ZN3vex10controller3lcd9clearLineEi
                0x0000000003806044       0x80 /Users/iainkim/Library/Application Support/Code/User/globalStorage/vexrobotics.vexcode/sdk/cpp/V5/V5_20240802_15_00_00/vexv5/libv5rt.a(vex_controller.cpp.obj)
                0x0000000003806044                vex::controller::lcd::clearLine(int)
 .text._ZN3vex10controller3lcd11clearScreenEv
                0x00000000038060c4       0x5c /Users/iainkim/Library/Application Support/Code/User/globalStorage/vexrobotics.vexcode/sdk/cpp/V5/V5_20240802_15_00_00/vexv5/libv5rt.a(vex_controller.cpp.obj)
                0x00000000038060c4                vex::controller::lcd::clearScreen()
 .text._ZN3vex4taskC2Ev
                0x0000000003806120       0x28 /Users/iainkim/Library/Application Support/Code/User/globalStorage/vexrobotics.vexcode/sdk/cpp/V5/V5_20240802_15_00_00/vexv5/libv5rt.a(vex_task.cpp.obj)
                0x0000000003806120                vex::task::task()
                0x0000000003806120                vex::task::task()
 .text._ZN3vex4taskC2EPFivE
                0x0000000003806148       0x5c /Users/iainkim/Library/Application Support/Code/User/globalStorage/vexrobotics.vexcode/sdk/cpp/V5/V5_20240802_15_00_00/vexv5/libv5rt.a(vex_task.cpp.obj)
                0x0000000003806148                vex::task::task(int (*)())
                0x0000000003806148                vex::task::task(int (*)())
 .text._ZN3vex4taskD2Ev
                0x00000000038061a4        0x4 /Users/iainkim/Library/Application Support/Code/User/globalStorage/vexrobotics.vexcode/sdk/cpp/V5/V5_20240802_15_00_00/vexv5/libv5rt.a(vex_task.cpp.obj)
                0x00000000038061a4                vex::task::~task()
                0x00000000038061a4                vex::task::~task()
 .text._ZN3vex4task4stopEPvi
                0x00000000038061a8       0x1c /Users/iainkim/Library/Application Support/Code/User/globalStorage/vexrobotics.vexcode/sdk/cpp/V5/V5_20240802_15_00_00/vexv5/libv5rt.a(vex_task.cpp.obj)
                0x00000000038061a8                vex::task::stop(void*, int)
 .text._ZN3vex4task5sleepEm
                0x00000000038061c4        0x4 /Users/iainkim/Library/Application Support/Code/User/globalStorage/vexrobotics.vexcode/sdk/cpp/V5/V5_20240802_15_00_00/vexv5/libv5rt.a(vex_task.cpp.obj)
                0x00000000038061c4                vex::task::sleep(unsigned long)
 .text._ZN3vex4task6_indexEPFivE
                0x00000000038061c8       0x14 /Users/iainkim/Library/Application Support/Code/User/globalStorage/vexrobotics.vexcode/sdk/cpp/V5/V5_20240802_15_00_00/vexv5/libv5rt.a(vex_task.cpp.obj)
                0x00000000038061c8                vex::task::_index(int (*)())
 .text._ZN3vex4task8_stopAllEv
                0x00000000038061dc       0x3c /Users/iainkim/Library/Application Support/Code/User/globalStorage/vexrobotics.vexcode/sdk/cpp/V5/V5_20240802_15_00_00/vexv5/libv5rt.a(vex_task.cpp.obj)
                0x00000000038061dc                vex::task::_stopAll()
 .text._ZN3vex11this_thread9sleep_forEm
                0x0000000003806218        0x4 /Users/iainkim/Library/Application Support/Code/User/globalStorage/vexrobotics.vexcode/sdk/cpp/V5/V5_20240802_15_00_00/vexv5/libv5rt.a(vex_thread.cpp.obj)
                0x0000000003806218                vex::this_thread::sleep_for(unsigned long)
 .text._ZN3vex5event4initEmmPFvvE
                0x000000000380621c        0x4 /Users/iainkim/Library/Application Support/Code/User/globalStorage/vexrobotics.vexcode/sdk/cpp/V5/V5_20240802_15_00_00/vexv5/libv5rt.a(vex_event.cpp.obj)
                0x000000000380621c                vex::event::init(unsigned long, unsigned long, void (*)())
 .text._ZN3vex5event4initEmmPFvPvES1_
                0x0000000003806220        0x4 /Users/iainkim/Library/Application Support/Code/User/globalStorage/vexrobotics.vexcode/sdk/cpp/V5/V5_20240802_15_00_00/vexv5/libv5rt.a(vex_event.cpp.obj)
                0x0000000003806220                vex::event::init(unsigned long, unsigned long, void (*)(void*), void*)
 .text._ZN3vex5event9userindexEv
                0x0000000003806224        0x4 /Users/iainkim/Library/Application Support/Code/User/globalStorage/vexrobotics.vexcode/sdk/cpp/V5/V5_20240802_15_00_00/vexv5/libv5rt.a(vex_event.cpp.obj)
                0x0000000003806224                vex::event::userindex()
 .text._ZZN3vex6meventC4EmmENUlvE_4_FUNEv
                0x0000000003806228        0x4 /Users/iainkim/Library/Application Support/Code/User/globalStorage/vexrobotics.vexcode/sdk/cpp/V5/V5_20240802_15_00_00/vexv5/libv5rt.a(vex_mevent.cpp.obj)
 .text._ZN3vex6meventC2Emm
                0x000000000380622c       0x70 /Users/iainkim/Library/Application Support/Code/User/globalStorage/vexrobotics.vexcode/sdk/cpp/V5/V5_20240802_15_00_00/vexv5/libv5rt.a(vex_mevent.cpp.obj)
                0x000000000380622c                vex::mevent::mevent(unsigned long, unsigned long)
                0x000000000380622c                vex::mevent::mevent(unsigned long, unsigned long)
 .text._ZN3vex5brain9_getIndexEv
                0x000000000380629c       0x10 /Users/iainkim/Library/Application Support/Code/User/globalStorage/vexrobotics.vexcode/sdk/cpp/V5/V5_20240802_15_00_00/vexv5/libv5rt.a(vex_brain.cpp.obj)
                0x000000000380629c                vex::brain::_getIndex()
 .text._ZN3vex5brain3lcd9setCursorEll
                0x00000000038062ac       0x44 /Users/iainkim/Library/Application Support/Code/User/globalStorage/vexrobotics.vexcode/sdk/cpp/V5/V5_20240802_15_00_00/vexv5/libv5rt.a(vex_brain.cpp.obj)
                0x00000000038062ac                vex::brain::lcd::setCursor(long, long)
 .text._ZN3vex5brain3lcd7setFontENS_8fontTypeE
                0x00000000038062f0      0x23c /Users/iainkim/Library/Application Support/Code/User/globalStorage/vexrobotics.vexcode/sdk/cpp/V5/V5_20240802_15_00_00/vexv5/libv5rt.a(vex_brain.cpp.obj)
                0x00000000038062f0                vex::brain::lcd::setFont(vex::fontType)
 .text._ZN3vex5brain3lcdC2Ev
                0x000000000380652c       0x94 /Users/iainkim/Library/Application Support/Code/User/globalStorage/vexrobotics.vexcode/sdk/cpp/V5/V5_20240802_15_00_00/vexv5/libv5rt.a(vex_brain.cpp.obj)
                0x000000000380652c                vex::brain::lcd::lcd()
                0x000000000380652c                vex::brain::lcd::lcd()
 .text._ZN3vex5brainC2Ev
                0x00000000038065c0       0x3c /Users/iainkim/Library/Application Support/Code/User/globalStorage/vexrobotics.vexcode/sdk/cpp/V5/V5_20240802_15_00_00/vexv5/libv5rt.a(vex_brain.cpp.obj)
                0x00000000038065c0                vex::brain::brain()
                0x00000000038065c0                vex::brain::brain()
 .text._ZN3vex5brain3lcd12_clearScreenEm
                0x00000000038065fc       0x38 /Users/iainkim/Library/Application Support/Code/User/globalStorage/vexrobotics.vexcode/sdk/cpp/V5/V5_20240802_15_00_00/vexv5/libv5rt.a(vex_brain.cpp.obj)
                0x00000000038065fc                vex::brain::lcd::_clearScreen(unsigned long)
 .text._ZN3vex5brain3lcd11clearScreenERKNS_5colorE
                0x0000000003806634       0x20 /Users/iainkim/Library/Application Support/Code/User/globalStorage/vexrobotics.vexcode/sdk/cpp/V5/V5_20240802_15_00_00/vexv5/libv5rt.a(vex_brain.cpp.obj)
                0x0000000003806634                vex::brain::lcd::clearScreen(vex::color const&)
 .text._ZN3vex5brain3lcd11clearScreenEv
                0x0000000003806654       0x2c /Users/iainkim/Library/Application Support/Code/User/globalStorage/vexrobotics.vexcode/sdk/cpp/V5/V5_20240802_15_00_00/vexv5/libv5rt.a(vex_brain.cpp.obj)
                0x0000000003806654                vex::brain::lcd::clearScreen()
 .text._ZN3vex5brain3lcd10rowToPixelEl
                0x0000000003806680       0x34 /Users/iainkim/Library/Application Support/Code/User/globalStorage/vexrobotics.vexcode/sdk/cpp/V5/V5_20240802_15_00_00/vexv5/libv5rt.a(vex_brain.cpp.obj)
                0x0000000003806680                vex::brain::lcd::rowToPixel(long)
 .text._ZN3vex5brain3lcd5printEPKcz
                0x00000000038066b4       0xb8 /Users/iainkim/Library/Application Support/Code/User/globalStorage/vexrobotics.vexcode/sdk/cpp/V5/V5_20240802_15_00_00/vexv5/libv5rt.a(vex_brain.cpp.obj)
                0x00000000038066b4                vex::brain::lcd::print(char const*, ...)
 .text._ZN3vex5brainD2Ev
                0x000000000380676c       0x20 /Users/iainkim/Library/Application Support/Code/User/globalStorage/vexrobotics.vexcode/sdk/cpp/V5/V5_20240802_15_00_00/vexv5/libv5rt.a(vex_brain.cpp.obj)
                0x000000000380676c                vex::brain::~brain()
                0x000000000380676c                vex::brain::~brain()
 .text._ZN3vex11competition8_disableEPv
                0x000000000380678c       0xa4 /Users/iainkim/Library/Application Support/Code/User/globalStorage/vexrobotics.vexcode/sdk/cpp/V5/V5_20240802_15_00_00/vexv5/libv5rt.a(vex_competition.cpp.obj)
                0x000000000380678c                vex::competition::_disable(void*)
 .text._ZN3vex11competition11_autonomousEv
                0x0000000003806830       0x80 /Users/iainkim/Library/Application Support/Code/User/globalStorage/vexrobotics.vexcode/sdk/cpp/V5/V5_20240802_15_00_00/vexv5/libv5rt.a(vex_competition.cpp.obj)
                0x0000000003806830                vex::competition::_autonomous()
 .text._ZN3vex11competition14_drivercontrolEv
                0x00000000038068b0       0x80 /Users/iainkim/Library/Application Support/Code/User/globalStorage/vexrobotics.vexcode/sdk/cpp/V5/V5_20240802_15_00_00/vexv5/libv5rt.a(vex_competition.cpp.obj)
                0x00000000038068b0                vex::competition::_drivercontrol()
 .text._ZN3vex11competitionC2Ev
                0x0000000003806930      0x13c /Users/iainkim/Library/Application Support/Code/User/globalStorage/vexrobotics.vexcode/sdk/cpp/V5/V5_20240802_15_00_00/vexv5/libv5rt.a(vex_competition.cpp.obj)
                0x0000000003806930                vex::competition::competition()
                0x0000000003806930                vex::competition::competition()
 .text._ZN3vex11competitionD2Ev
                0x0000000003806a6c        0x4 /Users/iainkim/Library/Application Support/Code/User/globalStorage/vexrobotics.vexcode/sdk/cpp/V5/V5_20240802_15_00_00/vexv5/libv5rt.a(vex_competition.cpp.obj)
                0x0000000003806a6c                vex::competition::~competition()
                0x0000000003806a6c                vex::competition::~competition()
 .text._ZN3vex11competition10autonomousEPFvvE
                0x0000000003806a70       0x44 /Users/iainkim/Library/Application Support/Code/User/globalStorage/vexrobotics.vexcode/sdk/cpp/V5/V5_20240802_15_00_00/vexv5/libv5rt.a(vex_competition.cpp.obj)
                0x0000000003806a70                vex::competition::autonomous(void (*)())
 .text._ZN3vex11competition13drivercontrolEPFvvE
                0x0000000003806ab4       0x44 /Users/iainkim/Library/Application Support/Code/User/globalStorage/vexrobotics.vexcode/sdk/cpp/V5/V5_20240802_15_00_00/vexv5/libv5rt.a(vex_competition.cpp.obj)
                0x0000000003806ab4                vex::competition::drivercontrol(void (*)())
 .text._ZN3vex7triportD2Ev
                0x0000000003806af8       0x38 /Users/iainkim/Library/Application Support/Code/User/globalStorage/vexrobotics.vexcode/sdk/cpp/V5/V5_20240802_15_00_00/vexv5/libv5rt.a(vex_triport.cpp.obj)
                0x0000000003806af8                vex::triport::~triport()
                0x0000000003806af8                vex::triport::~triport()
 .text._ZN3vex7triportD0Ev
                0x0000000003806b30       0x1c /Users/iainkim/Library/Application Support/Code/User/globalStorage/vexrobotics.vexcode/sdk/cpp/V5/V5_20240802_15_00_00/vexv5/libv5rt.a(vex_triport.cpp.obj)
                0x0000000003806b30                vex::triport::~triport()
 .text._ZN3vex7triport9installedEv
                0x0000000003806b4c       0x18 /Users/iainkim/Library/Application Support/Code/User/globalStorage/vexrobotics.vexcode/sdk/cpp/V5/V5_20240802_15_00_00/vexv5/libv5rt.a(vex_triport.cpp.obj)
                0x0000000003806b4c                vex::triport::installed()
 .text._ZN3vex7triport4portC2ElPS0_
                0x0000000003806b64       0x74 /Users/iainkim/Library/Application Support/Code/User/globalStorage/vexrobotics.vexcode/sdk/cpp/V5/V5_20240802_15_00_00/vexv5/libv5rt.a(vex_triport.cpp.obj)
                0x0000000003806b64                vex::triport::port::port(long, vex::triport*)
                0x0000000003806b64                vex::triport::port::port(long, vex::triport*)
 .text._ZN3vex7triportC2El
                0x0000000003806bd8       0xf0 /Users/iainkim/Library/Application Support/Code/User/globalStorage/vexrobotics.vexcode/sdk/cpp/V5/V5_20240802_15_00_00/vexv5/libv5rt.a(vex_triport.cpp.obj)
                0x0000000003806bd8                vex::triport::triport(long)
                0x0000000003806bd8                vex::triport::triport(long)
 .text._ZN3vex7triport4port4typeENS_11triportTypeE
                0x0000000003806cc8       0x30 /Users/iainkim/Library/Application Support/Code/User/globalStorage/vexrobotics.vexcode/sdk/cpp/V5/V5_20240802_15_00_00/vexv5/libv5rt.a(vex_triport.cpp.obj)
                0x0000000003806cc8                vex::triport::port::type(vex::triportType)
 .text._ZN3vex7triport4port4typeEv
                0x0000000003806cf8       0x38 /Users/iainkim/Library/Application Support/Code/User/globalStorage/vexrobotics.vexcode/sdk/cpp/V5/V5_20240802_15_00_00/vexv5/libv5rt.a(vex_triport.cpp.obj)
                0x0000000003806cf8                vex::triport::port::type()
 .text._ZN3vex7triport4port5valueEl
                0x0000000003806d30       0x18 /Users/iainkim/Library/Application Support/Code/User/globalStorage/vexrobotics.vexcode/sdk/cpp/V5/V5_20240802_15_00_00/vexv5/libv5rt.a(vex_triport.cpp.obj)
                0x0000000003806d30                vex::triport::port::value(long)
 .text._ZN3vex11__trideviceC2ERNS_7triport4portENS_11triportTypeE
                0x0000000003806d48       0x5c /Users/iainkim/Library/Application Support/Code/User/globalStorage/vexrobotics.vexcode/sdk/cpp/V5/V5_20240802_15_00_00/vexv5/libv5rt.a(vex_triport.cpp.obj)
                0x0000000003806d48                vex::__tridevice::__tridevice(vex::triport::port&, vex::triportType)
                0x0000000003806d48                vex::__tridevice::__tridevice(vex::triport::port&, vex::triportType)
 .text._ZN3vex11digital_outC2ERNS_7triport4portE
                0x0000000003806da4       0x18 /Users/iainkim/Library/Application Support/Code/User/globalStorage/vexrobotics.vexcode/sdk/cpp/V5/V5_20240802_15_00_00/vexv5/libv5rt.a(vex_triport.cpp.obj)
                0x0000000003806da4                vex::digital_out::digital_out(vex::triport::port&)
                0x0000000003806da4                vex::digital_out::digital_out(vex::triport::port&)
 .text._ZN3vex11digital_outD2Ev
                0x0000000003806dbc        0x4 /Users/iainkim/Library/Application Support/Code/User/globalStorage/vexrobotics.vexcode/sdk/cpp/V5/V5_20240802_15_00_00/vexv5/libv5rt.a(vex_triport.cpp.obj)
                0x0000000003806dbc                vex::digital_out::~digital_out()
                0x0000000003806dbc                vex::digital_out::~digital_out()
 .text._ZN3vex11digital_out3setEb
                0x0000000003806dc0        0x8 /Users/iainkim/Library/Application Support/Code/User/globalStorage/vexrobotics.vexcode/sdk/cpp/V5/V5_20240802_15_00_00/vexv5/libv5rt.a(vex_triport.cpp.obj)
                0x0000000003806dc0                vex::digital_out::set(bool)
 .text._ZN3vex7encoderC2ERNS_7triport4portE
                0x0000000003806dc8       0x20 /Users/iainkim/Library/Application Support/Code/User/globalStorage/vexrobotics.vexcode/sdk/cpp/V5/V5_20240802_15_00_00/vexv5/libv5rt.a(vex_triport.cpp.obj)
                0x0000000003806dc8                vex::encoder::encoder(vex::triport::port&)
                0x0000000003806dc8                vex::encoder::encoder(vex::triport::port&)
 .text._ZN3vex7encoderD2Ev
                0x0000000003806de8        0x4 /Users/iainkim/Library/Application Support/Code/User/globalStorage/vexrobotics.vexcode/sdk/cpp/V5/V5_20240802_15_00_00/vexv5/libv5rt.a(vex_triport.cpp.obj)
                0x0000000003806de8                vex::encoder::~encoder()
                0x0000000003806de8                vex::encoder::~encoder()
 .text._ZN3vex5colorD2Ev
                0x0000000003806dec        0x4 /Users/iainkim/Library/Application Support/Code/User/globalStorage/vexrobotics.vexcode/sdk/cpp/V5/V5_20240802_15_00_00/vexv5/libv5rt.a(vex_color.cpp.obj)
                0x0000000003806dec                vex::color::~color()
                0x0000000003806dec                vex::color::~color()
 .text._ZNK3vex5colorcvmEv
                0x0000000003806df0        0x8 /Users/iainkim/Library/Application Support/Code/User/globalStorage/vexrobotics.vexcode/sdk/cpp/V5/V5_20240802_15_00_00/vexv5/libv5rt.a(vex_color.cpp.obj)
                0x0000000003806df0                vex::color::operator unsigned long() const
 .text.startup._GLOBAL__sub_I__ZN3vex5color5blackE
                0x0000000003806df8      0x164 /Users/iainkim/Library/Application Support/Code/User/globalStorage/vexrobotics.vexcode/sdk/cpp/V5/V5_20240802_15_00_00/vexv5/libv5rt.a(vex_color.cpp.obj)
 .text._ZN3vex5timerD2Ev
                0x0000000003806f5c        0x4 /Users/iainkim/Library/Application Support/Code/User/globalStorage/vexrobotics.vexcode/sdk/cpp/V5/V5_20240802_15_00_00/vexv5/libv5rt.a(vex_timer.cpp.obj)
                0x0000000003806f5c                vex::timer::~timer()
                0x0000000003806f5c                vex::timer::~timer()
 .text._ZN3vex5timer5clearEv
                0x0000000003806f60       0x1c /Users/iainkim/Library/Application Support/Code/User/globalStorage/vexrobotics.vexcode/sdk/cpp/V5/V5_20240802_15_00_00/vexv5/libv5rt.a(vex_timer.cpp.obj)
                0x0000000003806f60                vex::timer::clear()
 .text._ZN3vex5timerC2Ev
                0x0000000003806f7c       0x14 /Users/iainkim/Library/Application Support/Code/User/globalStorage/vexrobotics.vexcode/sdk/cpp/V5/V5_20240802_15_00_00/vexv5/libv5rt.a(vex_timer.cpp.obj)
                0x0000000003806f7c                vex::timer::timer()
                0x0000000003806f7c                vex::timer::timer()
 .text._ZN3vex11motor_group18motor_group_motorsC2Ev
                0x0000000003806f90       0x28 /Users/iainkim/Library/Application Support/Code/User/globalStorage/vexrobotics.vexcode/sdk/cpp/V5/V5_20240802_15_00_00/vexv5/libv5rt.a(vex_motorgroup.cpp.obj)
                0x0000000003806f90                vex::motor_group::motor_group_motors::motor_group_motors()
                0x0000000003806f90                vex::motor_group::motor_group_motors::motor_group_motors()
 .text._ZN3vex11motor_group18motor_group_motorsC2ERKS1_
                0x0000000003806fb8       0x20 /Users/iainkim/Library/Application Support/Code/User/globalStorage/vexrobotics.vexcode/sdk/cpp/V5/V5_20240802_15_00_00/vexv5/libv5rt.a(vex_motorgroup.cpp.obj)
                0x0000000003806fb8                vex::motor_group::motor_group_motors::motor_group_motors(vex::motor_group::motor_group_motors const&)
                0x0000000003806fb8                vex::motor_group::motor_group_motors::motor_group_motors(vex::motor_group::motor_group_motors const&)
 .text._ZN3vex11motor_groupC2Ev
                0x0000000003806fd8       0x1c /Users/iainkim/Library/Application Support/Code/User/globalStorage/vexrobotics.vexcode/sdk/cpp/V5/V5_20240802_15_00_00/vexv5/libv5rt.a(vex_motorgroup.cpp.obj)
                0x0000000003806fd8                vex::motor_group::motor_group()
                0x0000000003806fd8                vex::motor_group::motor_group()
 .text._ZN3vex11motor_groupD2Ev
                0x0000000003806ff4        0x4 /Users/iainkim/Library/Application Support/Code/User/globalStorage/vexrobotics.vexcode/sdk/cpp/V5/V5_20240802_15_00_00/vexv5/libv5rt.a(vex_motorgroup.cpp.obj)
                0x0000000003806ff4                vex::motor_group::~motor_group()
                0x0000000003806ff4                vex::motor_group::~motor_group()
 .text._ZN3vex11motor_group9_addMotorERNS_5motorE
                0x0000000003806ff8       0x20 /Users/iainkim/Library/Application Support/Code/User/globalStorage/vexrobotics.vexcode/sdk/cpp/V5/V5_20240802_15_00_00/vexv5/libv5rt.a(vex_motorgroup.cpp.obj)
                0x0000000003806ff8                vex::motor_group::_addMotor(vex::motor&)
 .text._ZN3vex11motor_group4spinENS_13directionTypeEdNS_12voltageUnitsE
                0x0000000003807018       0x54 /Users/iainkim/Library/Application Support/Code/User/globalStorage/vexrobotics.vexcode/sdk/cpp/V5/V5_20240802_15_00_00/vexv5/libv5rt.a(vex_motorgroup.cpp.obj)
                0x0000000003807018                vex::motor_group::spin(vex::directionType, double, vex::voltageUnits)
 .text._ZN3vex11motor_group4stopENS_9brakeTypeE
                0x000000000380706c       0x38 /Users/iainkim/Library/Application Support/Code/User/globalStorage/vexrobotics.vexcode/sdk/cpp/V5/V5_20240802_15_00_00/vexv5/libv5rt.a(vex_motorgroup.cpp.obj)
                0x000000000380706c                vex::motor_group::stop(vex::brakeType)
 .text._ZN3vex11motor_group8positionENS_13rotationUnitsE
                0x00000000038070a4        0xc /Users/iainkim/Library/Application Support/Code/User/globalStorage/vexrobotics.vexcode/sdk/cpp/V5/V5_20240802_15_00_00/vexv5/libv5rt.a(vex_motorgroup.cpp.obj)
                0x00000000038070a4                vex::motor_group::position(vex::rotationUnits)
 .text.vexAdiPortConfigSet
                0x00000000038070b0       0x28 /Users/iainkim/Library/Application Support/Code/User/globalStorage/vexrobotics.vexcode/sdk/cpp/V5/V5_20240802_15_00_00/vexv5/libv5rt.a(v5_apiuser.c.obj)
                0x00000000038070b0                vexAdiPortConfigSet
 .text.vexAdiPortConfigGet
                0x00000000038070d8       0x28 /Users/iainkim/Library/Application Support/Code/User/globalStorage/vexrobotics.vexcode/sdk/cpp/V5/V5_20240802_15_00_00/vexv5/libv5rt.a(v5_apiuser.c.obj)
                0x00000000038070d8                vexAdiPortConfigGet
 .text.vexAdiValueSet
                0x0000000003807100       0x28 /Users/iainkim/Library/Application Support/Code/User/globalStorage/vexrobotics.vexcode/sdk/cpp/V5/V5_20240802_15_00_00/vexv5/libv5rt.a(v5_apiuser.c.obj)
                0x0000000003807100                vexAdiValueSet
 .text.vexMotorVelocitySet
                0x0000000003807128       0x20 /Users/iainkim/Library/Application Support/Code/User/globalStorage/vexrobotics.vexcode/sdk/cpp/V5/V5_20240802_15_00_00/vexv5/libv5rt.a(v5_apiuser.c.obj)
                0x0000000003807128                vexMotorVelocitySet
 .text.vexMotorVoltageSet
                0x0000000003807148       0x20 /Users/iainkim/Library/Application Support/Code/User/globalStorage/vexrobotics.vexcode/sdk/cpp/V5/V5_20240802_15_00_00/vexv5/libv5rt.a(v5_apiuser.c.obj)
                0x0000000003807148                vexMotorVoltageSet
 .text.vexMotorActualVelocityGet
                0x0000000003807168       0x24 /Users/iainkim/Library/Application Support/Code/User/globalStorage/vexrobotics.vexcode/sdk/cpp/V5/V5_20240802_15_00_00/vexv5/libv5rt.a(v5_apiuser.c.obj)
                0x0000000003807168                vexMotorActualVelocityGet
 .text.vexMotorReverseFlagSet
                0x000000000380718c       0x20 /Users/iainkim/Library/Application Support/Code/User/globalStorage/vexrobotics.vexcode/sdk/cpp/V5/V5_20240802_15_00_00/vexv5/libv5rt.a(v5_apiuser.c.obj)
                0x000000000380718c                vexMotorReverseFlagSet
 .text.vexMotorEncoderUnitsSet
                0x00000000038071ac       0x20 /Users/iainkim/Library/Application Support/Code/User/globalStorage/vexrobotics.vexcode/sdk/cpp/V5/V5_20240802_15_00_00/vexv5/libv5rt.a(v5_apiuser.c.obj)
                0x00000000038071ac                vexMotorEncoderUnitsSet
 .text.vexMotorBrakeModeSet
                0x00000000038071cc       0x20 /Users/iainkim/Library/Application Support/Code/User/globalStorage/vexrobotics.vexcode/sdk/cpp/V5/V5_20240802_15_00_00/vexv5/libv5rt.a(v5_apiuser.c.obj)
                0x00000000038071cc                vexMotorBrakeModeSet
 .text.vexMotorPositionSet
                0x00000000038071ec       0x28 /Users/iainkim/Library/Application Support/Code/User/globalStorage/vexrobotics.vexcode/sdk/cpp/V5/V5_20240802_15_00_00/vexv5/libv5rt.a(v5_apiuser.c.obj)
                0x00000000038071ec                vexMotorPositionSet
 .text.vexMotorPositionGet
                0x0000000003807214       0x24 /Users/iainkim/Library/Application Support/Code/User/globalStorage/vexrobotics.vexcode/sdk/cpp/V5/V5_20240802_15_00_00/vexv5/libv5rt.a(v5_apiuser.c.obj)
                0x0000000003807214                vexMotorPositionGet
 .text.vexMotorGearingSet
                0x0000000003807238       0x20 /Users/iainkim/Library/Application Support/Code/User/globalStorage/vexrobotics.vexcode/sdk/cpp/V5/V5_20240802_15_00_00/vexv5/libv5rt.a(v5_apiuser.c.obj)
                0x0000000003807238                vexMotorGearingSet
 .text.vexMotorGearingGet
                0x0000000003807258       0x18 /Users/iainkim/Library/Application Support/Code/User/globalStorage/vexrobotics.vexcode/sdk/cpp/V5/V5_20240802_15_00_00/vexv5/libv5rt.a(v5_apiuser.c.obj)
                0x0000000003807258                vexMotorGearingGet
 .text.vexImuReset
                0x0000000003807270       0x10 /Users/iainkim/Library/Application Support/Code/User/globalStorage/vexrobotics.vexcode/sdk/cpp/V5/V5_20240802_15_00_00/vexv5/libv5rt.a(v5_apiuser.c.obj)
                0x0000000003807270                vexImuReset
 .text.vexImuHeadingGet
                0x0000000003807280       0x10 /Users/iainkim/Library/Application Support/Code/User/globalStorage/vexrobotics.vexcode/sdk/cpp/V5/V5_20240802_15_00_00/vexv5/libv5rt.a(v5_apiuser.c.obj)
                0x0000000003807280                vexImuHeadingGet
 .text.vexImuDegreesGet
                0x0000000003807290       0x10 /Users/iainkim/Library/Application Support/Code/User/globalStorage/vexrobotics.vexcode/sdk/cpp/V5/V5_20240802_15_00_00/vexv5/libv5rt.a(v5_apiuser.c.obj)
                0x0000000003807290                vexImuDegreesGet
 .text.vexImuStatusGet
                0x00000000038072a0       0x10 /Users/iainkim/Library/Application Support/Code/User/globalStorage/vexrobotics.vexcode/sdk/cpp/V5/V5_20240802_15_00_00/vexv5/libv5rt.a(v5_apiuser.c.obj)
                0x00000000038072a0                vexImuStatusGet
 .text.vexAbsEncAngleGet
                0x00000000038072b0       0x10 /Users/iainkim/Library/Application Support/Code/User/globalStorage/vexrobotics.vexcode/sdk/cpp/V5/V5_20240802_15_00_00/vexv5/libv5rt.a(v5_apiuser.c.obj)
                0x00000000038072b0                vexAbsEncAngleGet
 .text.vexAbsEncReverseFlagSet
                0x00000000038072c0       0x18 /Users/iainkim/Library/Application Support/Code/User/globalStorage/vexrobotics.vexcode/sdk/cpp/V5/V5_20240802_15_00_00/vexv5/libv5rt.a(v5_apiuser.c.obj)
                0x00000000038072c0                vexAbsEncReverseFlagSet
 .text.vexOpticalHueGet
                0x00000000038072d8       0x10 /Users/iainkim/Library/Application Support/Code/User/globalStorage/vexrobotics.vexcode/sdk/cpp/V5/V5_20240802_15_00_00/vexv5/libv5rt.a(v5_apiuser.c.obj)
                0x00000000038072d8                vexOpticalHueGet
 .text.vexOpticalGestureEnable
                0x00000000038072e8       0x10 /Users/iainkim/Library/Application Support/Code/User/globalStorage/vexrobotics.vexcode/sdk/cpp/V5/V5_20240802_15_00_00/vexv5/libv5rt.a(v5_apiuser.c.obj)
                0x00000000038072e8                vexOpticalGestureEnable
 .text.vexOpticalGestureDisable
                0x00000000038072f8       0x10 /Users/iainkim/Library/Application Support/Code/User/globalStorage/vexrobotics.vexcode/sdk/cpp/V5/V5_20240802_15_00_00/vexv5/libv5rt.a(v5_apiuser.c.obj)
                0x00000000038072f8                vexOpticalGestureDisable
 .text.vexOpticalProximityThreshold
                0x0000000003807308       0x18 /Users/iainkim/Library/Application Support/Code/User/globalStorage/vexrobotics.vexcode/sdk/cpp/V5/V5_20240802_15_00_00/vexv5/libv5rt.a(v5_apiuser.c.obj)
                0x0000000003807308                vexOpticalProximityThreshold
 .text.vexEventMaskSet
                0x0000000003807320       0x28 /Users/iainkim/Library/Application Support/Code/User/globalStorage/vexrobotics.vexcode/sdk/cpp/V5/V5_20240802_15_00_00/vexv5/libv5rt.a(v5_apiuser.c.obj)
                0x0000000003807320                vexEventMaskSet
 .text.vexEventMaskGet
                0x0000000003807348       0x18 /Users/iainkim/Library/Application Support/Code/User/globalStorage/vexrobotics.vexcode/sdk/cpp/V5/V5_20240802_15_00_00/vexv5/libv5rt.a(v5_apiuser.c.obj)
                0x0000000003807348                vexEventMaskGet
 .text._ZN3vex6deviceD2Ev
                0x0000000003807360        0x4 /Users/iainkim/Library/Application Support/Code/User/globalStorage/vexrobotics.vexcode/sdk/cpp/V5/V5_20240802_15_00_00/vexv5/libv5rt.a(vex_device.cpp.obj)
                0x0000000003807360                vex::device::~device()
                0x0000000003807360                vex::device::~device()
 .text._ZN3vex6device5valueEv
                0x0000000003807364        0x8 /Users/iainkim/Library/Application Support/Code/User/globalStorage/vexrobotics.vexcode/sdk/cpp/V5/V5_20240802_15_00_00/vexv5/libv5rt.a(vex_device.cpp.obj)
                0x0000000003807364                vex::device::value()
 .text._ZN3vex6deviceD0Ev
                0x000000000380736c       0x14 /Users/iainkim/Library/Application Support/Code/User/globalStorage/vexrobotics.vexcode/sdk/cpp/V5/V5_20240802_15_00_00/vexv5/libv5rt.a(vex_device.cpp.obj)
                0x000000000380736c                vex::device::~device()
 .text._ZN3vex6device4initEl
                0x0000000003807380       0x30 /Users/iainkim/Library/Application Support/Code/User/globalStorage/vexrobotics.vexcode/sdk/cpp/V5/V5_20240802_15_00_00/vexv5/libv5rt.a(vex_device.cpp.obj)
                0x0000000003807380                vex::device::init(long)
 .text._ZN3vex6deviceC2El
                0x00000000038073b0       0x20 /Users/iainkim/Library/Application Support/Code/User/globalStorage/vexrobotics.vexcode/sdk/cpp/V5/V5_20240802_15_00_00/vexv5/libv5rt.a(vex_device.cpp.obj)
                0x00000000038073b0                vex::device::device(long)
                0x00000000038073b0                vex::device::device(long)
 .text._ZN3vex6device4typeEv
                0x00000000038073d0       0x10 /Users/iainkim/Library/Application Support/Code/User/globalStorage/vexrobotics.vexcode/sdk/cpp/V5/V5_20240802_15_00_00/vexv5/libv5rt.a(vex_device.cpp.obj)
                0x00000000038073d0                vex::device::type()
 .text._ZN3vex6device9installedEv
                0x00000000038073e0       0x14 /Users/iainkim/Library/Application Support/Code/User/globalStorage/vexrobotics.vexcode/sdk/cpp/V5/V5_20240802_15_00_00/vexv5/libv5rt.a(vex_device.cpp.obj)
                0x00000000038073e0                vex::device::installed()
 .text.__libc_fini_array
                0x00000000038073f4       0x30 /Users/iainkim/Library/Application Support/Code/User/globalStorage/vexrobotics.vexcode/sdk/cpp/V5/V5_20240802_15_00_00/vexv5/gcc/libs/libc.a(lib_a-fini.o)
                0x00000000038073f4                __libc_fini_array
 .text.__libc_init_array
                0x0000000003807424       0x58 /Users/iainkim/Library/Application Support/Code/User/globalStorage/vexrobotics.vexcode/sdk/cpp/V5/V5_20240802_15_00_00/vexv5/gcc/libs/libc.a(lib_a-init.o)
                0x0000000003807424                __libc_init_array
 .text.fmin     0x000000000380747c       0x4c /Users/iainkim/Library/Application Support/Code/User/globalStorage/vexrobotics.vexcode/sdk/cpp/V5/V5_20240802_15_00_00/vexv5/gcc/libs/libm.a(lib_a-s_fmin.o)
                0x000000000380747c                fmin
 .text.fmin.__stub
                0x00000000038074c8       0x18 linker stubs
 *(.gnu.linkonce.t.*)
 *(.plt)
 *(.gnu_warning)
 *(.gcc_except_table)
 *(.glue_7)
 .glue_7        0x00000000038074e0        0x0 linker stubs
 *(.glue_7t)
 .glue_7t       0x00000000038074e0        0x0 linker stubs
 *(.vfp11_veneer)
 .vfp11_veneer  0x00000000038074e0        0x0 linker stubs
 *(.ARM.extab)
 *(.gnu.linkonce.armextab.*)

.v4_bx          0x00000000038074e0        0x0
 .v4_bx         0x00000000038074e0        0x0 linker stubs

.iplt           0x00000000038074e0        0x0
 .iplt          0x00000000038074e0        0x0 build/src/autons.o

.init
 *(.init)

.fini
 *(.fini)

.rodata         0x00000000038074e0      0x2a4
                0x00000000038074e0                __rodata_start = .
 *(.rodata)
 *(.rodata.*)
 .rodata.str1.1
                0x00000000038074e0       0x8c build/src/main.o
 .rodata.str1.1
                0x000000000380756c       0x2e /Users/iainkim/Library/Application Support/Code/User/globalStorage/vexrobotics.vexcode/sdk/cpp/V5/V5_20240802_15_00_00/vexv5/libv5rt.a(v5_startup.c.obj)
 *fill*         0x000000000380759a        0x2 
 .rodata._ZN3vex6PORT20E
                0x000000000380759c        0x4 /Users/iainkim/Library/Application Support/Code/User/globalStorage/vexrobotics.vexcode/sdk/cpp/V5/V5_20240802_15_00_00/vexv5/libv5rt.a(vex_global.cpp.obj)
                0x000000000380759c                vex::PORT20
 .rodata._ZN3vex3fwdE
                0x00000000038075a0        0x4 /Users/iainkim/Library/Application Support/Code/User/globalStorage/vexrobotics.vexcode/sdk/cpp/V5/V5_20240802_15_00_00/vexv5/libv5rt.a(vex_global.cpp.obj)
                0x00000000038075a0                vex::fwd
 .rodata._ZN3vex5PORT3E
                0x00000000038075a4        0x4 /Users/iainkim/Library/Application Support/Code/User/globalStorage/vexrobotics.vexcode/sdk/cpp/V5/V5_20240802_15_00_00/vexv5/libv5rt.a(vex_global.cpp.obj)
                0x00000000038075a4                vex::PORT3
 .rodata._ZN3vex5PORT1E
                0x00000000038075a8        0x4 /Users/iainkim/Library/Application Support/Code/User/globalStorage/vexrobotics.vexcode/sdk/cpp/V5/V5_20240802_15_00_00/vexv5/libv5rt.a(vex_global.cpp.obj)
                0x00000000038075a8                vex::PORT1
 .rodata._ZN3vex7reverseE
                0x00000000038075ac        0x4 /Users/iainkim/Library/Application Support/Code/User/globalStorage/vexrobotics.vexcode/sdk/cpp/V5/V5_20240802_15_00_00/vexv5/libv5rt.a(vex_global.cpp.obj)
                0x00000000038075ac                vex::reverse
 .rodata._ZN3vex4voltE
                0x00000000038075b0        0x4 /Users/iainkim/Library/Application Support/Code/User/globalStorage/vexrobotics.vexcode/sdk/cpp/V5/V5_20240802_15_00_00/vexv5/libv5rt.a(vex_global.cpp.obj)
                0x00000000038075b0                vex::volt
 .rodata._ZN3vex7forwardE
                0x00000000038075b4        0x4 /Users/iainkim/Library/Application Support/Code/User/globalStorage/vexrobotics.vexcode/sdk/cpp/V5/V5_20240802_15_00_00/vexv5/libv5rt.a(vex_global.cpp.obj)
                0x00000000038075b4                vex::forward
 .rodata._ZN3vex6PORT14E
                0x00000000038075b8        0x4 /Users/iainkim/Library/Application Support/Code/User/globalStorage/vexrobotics.vexcode/sdk/cpp/V5/V5_20240802_15_00_00/vexv5/libv5rt.a(vex_global.cpp.obj)
                0x00000000038075b8                vex::PORT14
 .rodata._ZN3vex3pctE
                0x00000000038075bc        0x4 /Users/iainkim/Library/Application Support/Code/User/globalStorage/vexrobotics.vexcode/sdk/cpp/V5/V5_20240802_15_00_00/vexv5/libv5rt.a(vex_global.cpp.obj)
                0x00000000038075bc                vex::pct